export const boot1 = [
  [
    `rsyslogd: [origin software="rsyslogd" swVersion="8.2001.0" x-pid="960" x-info="https://www.rsyslog.com"] rsyslogd was HUPed`,
  ],
  [`systemd[1]: logrotate.service: Succeeded.`],
  [`systemd[1]: Finished Rotate log files.`],
  [
    `networkd-dispatcher[1097]: WARNING: systemd-networkd is not running, output will be incomplete.`,
  ],
  [`systemd[1]: Started Dispatcher daemon for systemd-networkd.`],
  [
    `dbus-daemon[929]: [system] Successfully activated service 'org.freedesktop.hostname1'`,
  ],
  [`systemd[1]: Started Hostname Service.`],
  [
    `NetworkManager[930]: <info>  [1610811962.3177] hostname: hostname: using hostnamed`,
  ],
  [
    `NetworkManager[930]: <info>  [1610811962.3177] hostname: hostname changed from (none) to "surface"`,
  ],
  [
    `NetworkManager[930]: <info>  [1610811962.3181] dns-mgr[0x561255c08290]: init: dns=systemd-resolved rc-manager=symlink, plugin=systemd-resolved`,
  ],
  [
    `NetworkManager[930]: <info>  [1610811962.3187] rfkill0: found Wi-Fi radio killswitch (at /sys/devices/pci0000:00/0000:00:14.3/ieee80211/phy0/rfkill0) (driver iwlwifi)`,
  ],
  [
    `NetworkManager[930]: <info>  [1610811962.3189] manager[0x561255c45030]: rfkill: Wi-Fi hardware radio set enabled`,
  ],
  [
    `NetworkManager[930]: <info>  [1610811962.3189] manager[0x561255c45030]: rfkill: WWAN hardware radio set enabled`,
  ],
  [
    `NetworkManager[930]: <info>  [1610811962.3231] Loaded device plugin: NMWifiFactory (/usr/lib/x86_64-linux-gnu/NetworkManager/1.22.10/libnm-device-plugin-wifi.so)`,
  ],
  [
    `NetworkManager[930]: <info>  [1610811962.3252] Loaded device plugin: NMTeamFactory (/usr/lib/x86_64-linux-gnu/NetworkManager/1.22.10/libnm-device-plugin-team.so)`,
  ],
  [
    `NetworkManager[930]: <info>  [1610811962.3277] Loaded device plugin: NMWwanFactory (/usr/lib/x86_64-linux-gnu/NetworkManager/1.22.10/libnm-device-plugin-wwan.so)`,
  ],
  [
    `NetworkManager[930]: <info>  [1610811962.3283] Loaded device plugin: NMAtmManager (/usr/lib/x86_64-linux-gnu/NetworkManager/1.22.10/libnm-device-plugin-adsl.so)`,
  ],
  [
    `NetworkManager[930]: <info>  [1610811962.3299] Loaded device plugin: NMBluezManager (/usr/lib/x86_64-linux-gnu/NetworkManager/1.22.10/libnm-device-plugin-bluetooth.so)`,
  ],
  [
    `NetworkManager[930]: <info>  [1610811962.3303] manager: rfkill: Wi-Fi enabled by radio killswitch; enabled by state file`,
  ],
  [
    `NetworkManager[930]: <info>  [1610811962.3305] manager: rfkill: WWAN enabled by radio killswitch; enabled by state file`,
  ],
  [
    `NetworkManager[930]: <info>  [1610811962.3306] manager: Networking is enabled by state file`,
  ],
  [
    `NetworkManager[930]: <info>  [1610811962.3307] dhcp-init: Using DHCP client 'internal'`,
  ],
  [
    `dbus-daemon[929]: [system] Activating via systemd: service name='org.freedesktop.nm_dispatcher' unit='dbus-org.freedesktop.nm-dispatcher.service' requested by ':1.10' (uid=0 pid=930 comm="/usr/sbin/NetworkManager --no-daemon " label="unconfined")`,
  ],
  [
    `NetworkManager[930]: <info>  [1610811962.3336] settings: Loaded settings plugin: ifupdown ("/usr/lib/x86_64-linux-gnu/NetworkManager/1.22.10/libnm-settings-plugin-ifupdown.so")`,
  ],
  [
    `NetworkManager[930]: <info>  [1610811962.3336] settings: Loaded settings plugin: keyfile (internal)`,
  ],
  [
    `NetworkManager[930]: <info>  [1610811962.3337] ifupdown: management mode: unmanaged`,
  ],
  [
    `NetworkManager[930]: <info>  [1610811962.3337] ifupdown:       interface-parser: parsing file /etc/network/interfaces`,
  ],
  [
    `NetworkManager[930]: <info>  [1610811962.3337] ifupdown:       interface-parser: source line includes interfaces file(s) /etc/network/interfaces.d`,
  ],
  [
    `NetworkManager[930]: <info>  [1610811962.3337] ifupdown:       interface-parser: finished parsing file /etc/network/interfaces`,
  ],
  [`systemd[1]: Starting Network Manager Script Dispatcher Service...`],
  [
    `NetworkManager[930]: <info>  [1610811962.3403] device (lo): carrier: link connected`,
  ],
  [
    `NetworkManager[930]: <info>  [1610811962.3406] manager: (lo): new Generic device (/org/freedesktop/NetworkManager/Devices/1)`,
  ],
  [
    `NetworkManager[930]: <info>  [1610811962.3414] device (wlp0s20f3): driver supports Access Point (AP) mode`,
  ],
  [
    `NetworkManager[930]: <info>  [1610811962.3423] manager: (wlp0s20f3): new 802.11 Wi-Fi device (/org/freedesktop/NetworkManager/Devices/2)`,
  ],
  [
    `dbus-daemon[929]: [system] Successfully activated service 'org.freedesktop.nm_dispatcher'`,
  ],
  [`systemd[1]: Started Network Manager Script Dispatcher Service.`],
  [
    `NetworkManager[930]: <info>  [1610811962.3439] device (wlp0s20f3): state change: unmanaged -> unavailable (reason 'managed', sys-iface-state: 'external')`,
  ],
  [
    `kernel: [    4.898676] iwlwifi 0000:00:14.3: Applying debug destination EXTERNAL_DRAM`,
  ],
  [
    `kernel: [    5.048513] iwlwifi 0000:00:14.3: FW already configured (0) - re-configuring`,
  ],
  [`systemd[1]: man-db.service: Succeeded.`],
  [`systemd[1]: Finished Daily man-db regeneration.`],
  [
    `kernel: [    5.063808] iwlwifi 0000:00:14.3: BIOS contains WGDS but no WRDS`,
  ],
  [
    `NetworkManager[930]: <info>  [1610811962.5253] modem-manager: ModemManager available`,
  ],
  [
    `NetworkManager[930]: <info>  [1610811962.5265] supplicant: wpa_supplicant running`,
  ],
  [
    `NetworkManager[930]: <info>  [1610811962.5266] device (wlp0s20f3): supplicant interface state: init -> starting`,
  ],
  [
    `dbus-daemon[929]: [system] Successfully activated service 'org.freedesktop.login1'`,
  ],
  [`systemd[1]: Started Login Service.`],
  [`lightdm[1044]: Seat type 'xlocal' is deprecated, use 'type=local' instead`],
  [`systemd[1]: Started Unattended Upgrades Shutdown.`],
  [`systemd[1]: Received SIGRTMIN+21 from PID 324 (plymouthd).`],
  [
    `wpa_supplicant[968]: nl80211: kernel reports: Attribute failed policy validation`,
  ],
  [
    `wpa_supplicant[968]: Failed to create interface p2p-dev-wlp0s20f3: -22 (Invalid argument)`,
  ],
  [
    `wpa_supplicant[968]: nl80211: Failed to create a P2P Device interface p2p-dev-wlp0s20f3`,
  ],
  [`wpa_supplicant[968]: P2P: Failed to enable P2P Device interface`],
  [`systemd[1]: Received SIGRTMIN+21 from PID 324 (plymouthd).`],
  [`systemd[1]: plymouth-quit-wait.service: Succeeded.`],
  [`systemd[1]: Finished Hold until boot process finishes up.`],
  [`systemd[1]: Started Light Display Manager.`],
  [
    `wpa_supplicant[968]: dbus: fill_dict_with_properties dbus_interface=fi.w1.wpa_supplicant1.Interface.P2PDevice dbus_property=P2PDeviceConfig getter failed`,
  ],
  [`systemd[1]: Starting Set console scheme...`],
  [
    `NetworkManager[930]: <info>  [1610811962.5926] sup-iface[0x561255c59910,wlp0s20f3]: supports 5 scan SSIDs`,
  ],
  [`systemd[1]: Finished Set console scheme.`],
  [`systemd[1]: Created slice system-getty.slice.`],
  [
    `NetworkManager[930]: <info>  [1610811962.5957] device (wlp0s20f3): supplicant interface state: starting -> ready`,
  ],
  [
    `NetworkManager[930]: <info>  [1610811962.5958] Wi-Fi P2P device controlled by interface wlp0s20f3 created`,
  ],
  [
    `NetworkManager[930]: <info>  [1610811962.5961] manager: (p2p-dev-wlp0s20f3): new 802.11 Wi-Fi P2P device (/org/freedesktop/NetworkManager/Devices/3)`,
  ],
  [
    `NetworkManager[930]: <info>  [1610811962.5963] device (p2p-dev-wlp0s20f3): state change: unmanaged -> unavailable (reason 'managed', sys-iface-state: 'external')`,
  ],
  [`systemd[1]: Started Getty on tty1.`],
  [`systemd[1]: Reached target Login Prompts.`],
  [
    `NetworkManager[930]: <info>  [1610811962.5969] device (p2p-dev-wlp0s20f3): state change: unavailable -> disconnected (reason 'none', sys-iface-state: 'managed')`,
  ],
  [
    `NetworkManager[930]: <info>  [1610811962.5971] device (wlp0s20f3): state change: unavailable -> disconnected (reason 'supplicant-available', sys-iface-state: 'managed')`,
  ],
  [
    `NetworkManager[930]: <warn>  [1610811962.5992] sup-iface: failed to cancel p2p connect: P2P cancel failed`,
  ],
  [
    `snapd[962]: AppArmor status: apparmor is enabled and all features are available`,
  ],
  [
    `snapd[962]: daemon.go:347: started snapd/2.48.2 (series 16; classic) ubuntu/20.04 (amd64) linux/5.4.0-62-generic.`,
  ],
  [`systemd[1]: tmp-sanity\x2dmountpoint\x2d054352655.mount: Succeeded.`],
  [
    `snapd[962]: daemon.go:440: adjusting startup timeout by 1m15s (pessimistic estimate of 30s plus 5s per snap)`,
  ],
  [
    `avahi-daemon[925]: Server startup complete. Host name is surface.local. Local service cookie is 1295768762.`,
  ],
  [`kernel: [    5.567383] kauditd_printk_skb: 32 callbacks suppressed`],
  [
    `kernel: [    5.567384] audit: type=1400 audit(1610811963.015:43): apparmor="STATUS" operation="profile_replace" info="same as current profile, skipping" profile="unconfined" name="/snap/snapd/10707/usr/lib/snapd/snap-confine" pid=1623 comm="apparmor_parser"`,
  ],
  [
    `kernel: [    5.567387] audit: type=1400 audit(1610811963.015:44): apparmor="STATUS" operation="profile_replace" info="same as current profile, skipping" profile="unconfined" name="/snap/snapd/10707/usr/lib/snapd/snap-confine//mount-namespace-capture-helper" pid=1623 comm="apparmor_parser"`,
  ],
  [
    `kernel: [    5.595308] audit: type=1400 audit(1610811963.043:45): apparmor="STATUS" operation="profile_replace" info="same as current profile, skipping" profile="unconfined" name="/snap/core/10583/usr/lib/snapd/snap-confine" pid=1638 comm="apparmor_parser"`,
  ],
  [
    `kernel: [    5.595310] audit: type=1400 audit(1610811963.043:46): apparmor="STATUS" operation="profile_replace" info="same as current profile, skipping" profile="unconfined" name="/snap/core/10583/usr/lib/snapd/snap-confine//mount-namespace-capture-helper" pid=1638 comm="apparmor_parser"`,
  ],
  [
    `kernel: [    5.683101] audit: type=1400 audit(1610811963.131:47): apparmor="STATUS" operation="profile_replace" profile="unconfined" name="snap.core.hook.configure" pid=1650 comm="apparmor_parser"`,
  ],
  [
    `kernel: [    5.744196] audit: type=1400 audit(1610811963.191:48): apparmor="STATUS" operation="profile_replace" profile="unconfined" name="snap.ngrok.ngrok" pid=1645 comm="apparmor_parser"`,
  ],
  [`systemd[1]: Created slice User Slice of UID 114.`],
  [`systemd[1]: Starting User Runtime Directory /run/user/114...`],
  [
    `kernel: [    5.821896] audit: type=1400 audit(1610811963.271:49): apparmor="STATUS" operation="profile_replace" profile="unconfined" name="snap.chromium.hook.configure" pid=1649 comm="apparmor_parser"`,
  ],
  [`systemd[1]: Finished User Runtime Directory /run/user/114.`],
  [`systemd[1]: Starting User Manager for UID 114...`],
  [`systemd[1749]: Started Pending report trigger for Ubuntu Report.`],
  [`systemd[1749]: Reached target Paths.`],
  [`systemd[1749]: Reached target Timers.`],
  [`systemd[1749]: Starting D-Bus User Message Bus Socket.`],
  [`systemd[1749]: Listening on GnuPG network certificate management daemon.`],
  [
    `systemd[1749]: Listening on GnuPG cryptographic agent and passphrase cache (access for web browsers).`,
  ],
  [
    `systemd[1749]: Listening on GnuPG cryptographic agent and passphrase cache (restricted).`,
  ],
  [
    `systemd[1749]: Listening on GnuPG cryptographic agent (ssh-agent emulation).`,
  ],
  [
    `systemd[1749]: Listening on GnuPG cryptographic agent and passphrase cache.`,
  ],
  [`systemd[1749]: Listening on debconf communication socket.`],
  [`systemd[1749]: Listening on Sound System.`],
  [`systemd[1749]: Listening on REST API socket for snapd user session agent.`],
  [`systemd[1749]: Listening on D-Bus User Message Bus Socket.`],
  [`systemd[1749]: Reached target Sockets.`],
  [`systemd[1749]: Reached target Basic System.`],
  [`systemd[1]: Started User Manager for UID 114.`],
  [`systemd[1749]: Starting Dunst notification daemon...`],
  [`systemd[1]: Started Session c1 of user lightdm.`],
  [`systemd[1749]: Starting Sound Service...`],
  [`systemd[1749]: Starting Tracker metadata extractor...`],
  [`systemd[1749]: Starting Tracker file system data miner...`],
  [`systemd[1749]: Started D-Bus User Message Bus.`],
  [`tracker-miner-f[1772]: Set scheduler policy to SCHED_IDLE`],
  [`tracker-extract[1768]: Set scheduler policy to SCHED_IDLE`],
  [`tracker-miner-f[1772]: Setting priority nice level to 19`],
  [`tracker-extract[1768]: Setting priority nice level to 19`],
  [`dunst[1766]: CRITICAL: Cannot open X11 display.`],
  [
    `systemd[1749]: dunst.service: Main process exited, code=exited, status=1/FAILURE`,
  ],
  [`systemd[1749]: dunst.service: Failed with result 'exit-code'.`],
  [`systemd[1749]: Failed to start Dunst notification daemon.`],
  [
    `dbus-daemon[1775]: [session uid=114 pid=1775] AppArmor D-Bus mediation is enabled`,
  ],
  [
    `dbus-daemon[929]: [system] Activating via systemd: service name='org.freedesktop.RealtimeKit1' unit='rtkit-daemon.service' requested by ':1.28' (uid=114 pid=1767 comm="/usr/bin/pulseaudio --daemonize=no --log-target=jo" label="unconfined")`,
  ],
  [`systemd[1]: Starting RealtimeKit Scheduling Policy Service...`],
  [
    `dbus-daemon[929]: [system] Successfully activated service 'org.freedesktop.RealtimeKit1'`,
  ],
  [`rtkit-daemon[1790]: Successfully called chroot.`],
  [`rtkit-daemon[1790]: Successfully dropped privileges.`],
  [`rtkit-daemon[1790]: Successfully limited resources.`],
  [`rtkit-daemon[1790]: Running.`],
  [`rtkit-daemon[1790]: Canary thread running.`],
  [`rtkit-daemon[1790]: Watchdog thread running.`],
  [`systemd[1]: Started RealtimeKit Scheduling Policy Service.`],
];

// [`rtkit-daemon[1790]: Successfully made thread 1767 of process 1767 owned by '114' high priority at nice level -11.
// [`rtkit-daemon[1790]: Supervising 1 threads of 1 processes of 1 users.
// [`dbus-daemon[1775]: [session uid=114 pid=1775] Activating via systemd: service name='org.gtk.vfs.Daemon' unit='gvfs-daemon.service' requested by ':1.1' (uid=114 pid=1772 comm="/usr/libexec/tracker-miner-fs " label="unconfined")
// [`systemd[1749]: Starting Virtual filesystem service...
// [`dbus-daemon[1775]: [session uid=114 pid=1775] Successfully activated service 'org.gtk.vfs.Daemon'
// [`systemd[1749]: Started Virtual filesystem service.
// [`dbus-daemon[1775]: [session uid=114 pid=1775] Activating service name='ca.desrt.dconf' requested by ':1.3' (uid=114 pid=1785 comm="/usr/sbin/slick-greeter " label="unconfined")
// [`tracker-miner-f[1772]: Unable to get XDG user directory path for special directory &DOCUMENTS. Ignoring this location.
// [`tracker-miner-f[1772]: Unable to get XDG user directory path for special directory &MUSIC. Ignoring this location.
// [`tracker-miner-f[1772]: Unable to get XDG user directory path for special directory &PICTURES. Ignoring this location.
// [`tracker-miner-f[1772]: Unable to get XDG user directory path for special directory &VIDEOS. Ignoring this location.
// [`tracker-miner-f[1772]: Unable to get XDG user directory path for special directory &DOWNLOAD. Ignoring this location.
// [`tracker-miner-f[1772]: Unable to get XDG user directory path for special directory &DOCUMENTS. Ignoring this location.
// [`tracker-miner-f[1772]: Unable to get XDG user directory path for special directory &MUSIC. Ignoring this location.
// [`tracker-miner-f[1772]: Unable to get XDG user directory path for special directory &PICTURES. Ignoring this location.
// [`tracker-miner-f[1772]: Unable to get XDG user directory path for special directory &VIDEOS. Ignoring this location.
// [`dbus-daemon[1775]: [session uid=114 pid=1775] Activating via systemd: service name='org.gtk.vfs.UDisks2VolumeMonitor' unit='gvfs-udisks2-volume-monitor.service' requested by ':1.1' (uid=114 pid=1772 comm="/usr/libexec/tracker-miner-fs " label="unconfined")
// [`systemd[1749]: Starting Virtual filesystem service - disk device monitor...
// [`dbus-daemon[1775]: [session uid=114 pid=1775] Successfully activated service 'ca.desrt.dconf'
// [`dbus-daemon[1775]: [session uid=114 pid=1775] Successfully activated service 'org.gtk.vfs.UDisks2VolumeMonitor'
// [`systemd[1749]: Started Virtual filesystem service - disk device monitor.
// [`dbus-daemon[1775]: [session uid=114 pid=1775] Activating via systemd: service name='org.gtk.vfs.GPhoto2VolumeMonitor' unit='gvfs-gphoto2-volume-monitor.service' requested by ':1.1' (uid=114 pid=1772 comm="/usr/libexec/tracker-miner-fs " label="unconfined")
// [`systemd[1749]: Starting Virtual filesystem service - digital camera monitor...
// [`dbus-daemon[1775]: [session uid=114 pid=1775] Successfully activated service 'org.gtk.vfs.GPhoto2VolumeMonitor'
// [`systemd[1749]: Started Virtual filesystem service - digital camera monitor.
// [`dbus-daemon[1775]: [session uid=114 pid=1775] Activating via systemd: service name='org.gtk.vfs.GoaVolumeMonitor' unit='gvfs-goa-volume-monitor.service' requested by ':1.1' (uid=114 pid=1772 comm="/usr/libexec/tracker-miner-fs " label="unconfined")
// [`systemd[1749]: Starting Virtual filesystem service - GNOME Online Accounts monitor...
// [`dbus-daemon[1775]: [session uid=114 pid=1775] Successfully activated service 'org.gtk.vfs.GoaVolumeMonitor'
// [`systemd[1749]: Started Virtual filesystem service - GNOME Online Accounts monitor.
// [`dbus-daemon[1775]: [session uid=114 pid=1775] Activating via systemd: service name='org.gtk.vfs.MTPVolumeMonitor' unit='gvfs-mtp-volume-monitor.service' requested by ':1.1' (uid=114 pid=1772 comm="/usr/libexec/tracker-miner-fs " label="unconfined")
// [`systemd[1749]: Starting Virtual filesystem service - Media Transfer Protocol monitor...
// [`dbus-daemon[1775]: [session uid=114 pid=1775] Successfully activated service 'org.gtk.vfs.MTPVolumeMonitor'
// [`systemd[1749]: Started Virtual filesystem service - Media Transfer Protocol monitor.
// [`dbus-daemon[1775]: [session uid=114 pid=1775] Activating via systemd: service name='org.gtk.vfs.AfcVolumeMonitor' unit='gvfs-afc-volume-monitor.service' requested by ':1.1' (uid=114 pid=1772 comm="/usr/libexec/tracker-miner-fs " label="unconfined")
// [`systemd[1749]: Starting Virtual filesystem service - Apple File Conduit monitor...
// [`/slick-greeter-check-hidpi: Window scale: 2
// [`dbus-daemon[1775]: [session uid=114 pid=1775] Successfully activated service 'org.gtk.vfs.AfcVolumeMonitor'
// [`systemd[1749]: Started Virtual filesystem service - Apple File Conduit monitor.
// [`dbus-daemon[929]: [system] Activating via systemd: service name='org.freedesktop.UPower' unit='upower.service' requested by ':1.31' (uid=114 pid=1772 comm="/usr/libexec/tracker-miner-fs " label="unconfined")
// [`systemd[1]: Starting Daemon for power management...
// [`/slick-greeter-set-keyboard-layout: Current keyboard configuration: rules:      evdev#012model:      pc105#012layout:     us
// [`/slick-greeter-set-keyboard-layout: Applying keyboard configuration: ['setxkbmap', '-model', 'pc105', '-layout', 'us', '-variant', '', '-option', '', '-v']
// [`/slick-greeter-set-keyboard-layout: Result: Warning! Multiple definitions of keyboard model#012         Using command line, ignoring X server#012Warning! Multiple definitions of keyboard layout#012         Using command line, ignoring X server#012Trying to build keymap using the following components:#012keycodes:   evdev+aliases(qwerty)#012types:      complete#012compat:     complete#012symbols:    pc+us+inet(evdev)#012geometry:   pc(pc105)
// [`/slick-greeter-set-keyboard-layout: New keyboard configuration: rules:      evdev#012model:      pc105#012layout:     us
// [`dbus-daemon[1775]: [session uid=114 pid=1775] Activating via systemd: service name='org.a11y.Bus' unit='at-spi-dbus-bus.service' requested by ':1.14' (uid=114 pid=1785 comm="/usr/sbin/slick-greeter " label="unconfined")
// [`systemd[1749]: Starting Accessibility services bus...
// [`pulseaudio[1767]: Disabling timer-based scheduling because running inside a VM.
// [`dbus-daemon[1775]: [session uid=114 pid=1775] Successfully activated service 'org.a11y.Bus'
// [`systemd[1749]: Started Accessibility services bus.
// [`systemd[1749]: at-spi-dbus-bus.service: Succeeded.
// [`rtkit-daemon[1790]: Supervising 1 threads of 1 processes of 1 users.
// [`rtkit-daemon[1790]: Successfully made thread 1904 of process 1767 owned by '114' RT at priority 5.
// [`rtkit-daemon[1790]: Supervising 2 threads of 1 processes of 1 users.
// [`pulseaudio[1767]: Disabling timer-based scheduling because running inside a VM.
// [`rtkit-daemon[1790]: Supervising 2 threads of 1 processes of 1 users.
// [`rtkit-daemon[1790]: Successfully made thread 1908 of process 1767 owned by '114' RT at priority 5.
// [`rtkit-daemon[1790]: Supervising 3 threads of 1 processes of 1 users.
// [`kernel: [    6.562738] audit: type=1400 audit(1610811964.011:50): apparmor="STATUS" operation="profile_replace" info="same as current profile, skipping" profile="unconfined" name="snap-update-ns.chromium" pid=1646 comm="apparmor_parser"
// [`systemd[1749]: Started Sound Service.
// [`dbus-daemon[929]: [system] Successfully activated service 'org.freedesktop.UPower'
// [`systemd[1]: Started Daemon for power management.
// [`dbus-daemon[1775]: [session uid=114 pid=1775] Activating via systemd: service name='org.freedesktop.Tracker1' unit='tracker-store.service' requested by ':1.1' (uid=114 pid=1772 comm="/usr/libexec/tracker-miner-fs " label="unconfined")
// [`systemd[1749]: Starting Tracker metadata database store and lookup manager...
// [`systemd[1749]: Started Tracker file system data miner.
// [`dbus-daemon[1775]: [session uid=114 pid=1775] Successfully activated service 'org.freedesktop.Tracker1'
// [`systemd[1749]: Started Tracker metadata database store and lookup manager.
// [`systemd[1]: Started PostgreSQL Cluster 12-main.
// [`systemd[1]: Starting PostgreSQL RDBMS...
// [`systemd[1]: Finished PostgreSQL RDBMS.
// [`systemd[1749]: Started Tracker metadata extractor.
// [`systemd[1749]: Reached target Main User Target.
// [`systemd[1749]: Startup finished in 1.168s.
// [`kernel: [    7.310344] audit: type=1400 audit(1610811964.759:51): apparmor="STATUS" operation="profile_replace" profile="unconfined" name="snap.chromium.chromedriver" pid=1647 comm="apparmor_parser"
// [`ModemManager[1020]: <info>  Couldn't check support for device '/sys/devices/pci0000:00/0000:00:14.3': not supported by any plugin
// [`kernel: [    7.349874] audit: type=1400 audit(1610811964.799:52): apparmor="STATUS" operation="profile_replace" profile="unconfined" name="snap.chromium.chromium" pid=1648 comm="apparmor_parser"
// [`systemd[1]: Started Snap Daemon.
// [`systemd[1]: Starting Wait until snapd is fully seeded...
// [`systemd[1]: Finished Wait until snapd is fully seeded.
// [`systemd[1]: Condition check resulted in Auto import assertions from block devices being skipped.
// [`NetworkManager[930]: <info>  [1610811965.3026] policy: auto-activating connection 'KWENCH' (6bfbb81c-1faf-436c-bc8f-44c5ba25bb89)
// [`NetworkManager[930]: <info>  [1610811965.3034] device (wlp0s20f3): Activation: starting connection 'KWENCH' (6bfbb81c-1faf-436c-bc8f-44c5ba25bb89)
// [`NetworkManager[930]: <info>  [1610811965.3035] device (wlp0s20f3): state change: disconnected -> prepare (reason 'none', sys-iface-state: 'managed')
// [`NetworkManager[930]: <info>  [1610811965.3038] manager: NetworkManager state is now CONNECTING
// [`NetworkManager[930]: <info>  [1610811965.3042] device (wlp0s20f3): state change: prepare -> config (reason 'none', sys-iface-state: 'managed')
// [`NetworkManager[930]: <info>  [1610811965.3110] device (wlp0s20f3): Activation: (wifi) access point 'KWENCH' has security, but secrets are required.
// [`NetworkManager[930]: <info>  [1610811965.3112] device (wlp0s20f3): state change: config -> need-auth (reason 'none', sys-iface-state: 'managed')
// [`NetworkManager[930]: <info>  [1610811965.3147] device (wlp0s20f3): state change: need-auth -> prepare (reason 'none', sys-iface-state: 'managed')
// [`NetworkManager[930]: <info>  [1610811965.3152] device (wlp0s20f3): state change: prepare -> config (reason 'none', sys-iface-state: 'managed')
// [`NetworkManager[930]: <info>  [1610811965.3155] device (wlp0s20f3): Activation: (wifi) connection 'KWENCH' has security, and secrets exist.  No new secrets needed.
// [`NetworkManager[930]: <info>  [1610811965.3155] Config: added 'ssid' value 'KWENCH'
// [`NetworkManager[930]: <info>  [1610811965.3155] Config: added 'scan_ssid' value '1'
// [`NetworkManager[930]: <info>  [1610811965.3156] Config: added 'bgscan' value 'simple:30:-70:86400'
// [`NetworkManager[930]: <info>  [1610811965.3156] Config: added 'key_mgmt' value 'WPA-PSK WPA-PSK-SHA256 FT-PSK'
// [`NetworkManager[930]: <info>  [1610811965.3156] Config: added 'auth_alg' value 'OPEN'
// [`NetworkManager[930]: <info>  [1610811965.3156] Config: added 'psk' value '<hidden>'
// [`wpa_supplicant[968]: wlp0s20f3: SME: Trying to authenticate with 0e:ec:da:15:98:4a (SSID='KWENCH' freq=5785 MHz)
// [`kernel: [    7.867592] wlp0s20f3: authenticate with 0e:ec:da:15:98:4a
// [`kernel: [    7.870415] wlp0s20f3: send auth to 0e:ec:da:15:98:4a (try 1/3)
// [`NetworkManager[930]: <info>  [1610811965.3273] device (wlp0s20f3): supplicant interface state: ready -> authenticating
// [`NetworkManager[930]: <info>  [1610811965.3274] device (p2p-dev-wlp0s20f3): supplicant management interface state: ready -> authenticating
// [`wpa_supplicant[968]: wlp0s20f3: Trying to associate with 0e:ec:da:15:98:4a (SSID='KWENCH' freq=5785 MHz)
// [`kernel: [    7.896406] wlp0s20f3: authenticated
// [`NetworkManager[930]: <info>  [1610811965.3510] device (wlp0s20f3): supplicant interface state: authenticating -> associating
// [`NetworkManager[930]: <info>  [1610811965.3510] device (p2p-dev-wlp0s20f3): supplicant management interface state: authenticating -> associating
// [`kernel: [    7.897133] wlp0s20f3: associate with 0e:ec:da:15:98:4a (try 1/3)
// [`wpa_supplicant[968]: wlp0s20f3: Associated with 0e:ec:da:15:98:4a
// [`wpa_supplicant[968]: wlp0s20f3: CTRL-EVENT-SUBNET-STATUS-UPDATE status=0
// [`kernel: [    7.901234] wlp0s20f3: RX AssocResp from 0e:ec:da:15:98:4a (capab=0x411 status=0 aid=1)
// [`kernel: [    7.902899] wlp0s20f3: associated
// [`wpa_supplicant[968]: wlp0s20f3: WPA: Key negotiation completed with 0e:ec:da:15:98:4a [PTK=CCMP GTK=CCMP]
// [`wpa_supplicant[968]: wlp0s20f3: CTRL-EVENT-CONNECTED - Connection to 0e:ec:da:15:98:4a completed [id=0 id_str=]
// [`NetworkManager[930]: <info>  [1610811965.4185] device (wlp0s20f3): supplicant interface state: associating -> completed
// [`kernel: [    7.961130] IPv6: ADDRCONF(NETDEV_CHANGE): wlp0s20f3: link becomes ready
// [`NetworkManager[930]: <info>  [1610811965.4185] device (wlp0s20f3): Activation: (wifi) Stage 2 of 5 (Device Configure) successful. Connected to wireless network "KWENCH"
// [`wpa_supplicant[968]: wlp0s20f3: CTRL-EVENT-SIGNAL-CHANGE above=0 signal=-53 noise=9999 txrate=6000
// [`NetworkManager[930]: <info>  [1610811965.4185] device (p2p-dev-wlp0s20f3): supplicant management interface state: associating -> completed
// [`NetworkManager[930]: <info>  [1610811965.4187] device (wlp0s20f3): state change: config -> ip-config (reason 'none', sys-iface-state: 'managed')
// [`NetworkManager[930]: <info>  [1610811965.4192] dhcp4 (wlp0s20f3): activation: beginning transaction (timeout in 45 seconds)
// [`avahi-daemon[925]: Joining mDNS multicast group on interface wlp0s20f3.IPv6 with address fe80::35a:46e0:cf7a:54af.
// [`avahi-daemon[925]: New relevant interface wlp0s20f3.IPv6 for mDNS.
// [`avahi-daemon[925]: Registering new address record for fe80::35a:46e0:cf7a:54af on wlp0s20f3.*.
// [`wpa_supplicant[968]: wlp0s20f3: CTRL-EVENT-SIGNAL-CHANGE above=1 signal=-53 noise=9999 txrate=108000
// [`NetworkManager[930]: <info>  [1610811965.6699] dhcp4 (wlp0s20f3): option dhcp_lease_time      => '86400'
// [`NetworkManager[930]: <info>  [1610811965.6700] dhcp4 (wlp0s20f3): option domain_name_servers  => '10.4.0.1'
// [`NetworkManager[930]: <info>  [1610811965.6700] dhcp4 (wlp0s20f3): option expiry               => '1610898365'
// [`NetworkManager[930]: <info>  [1610811965.6700] dhcp4 (wlp0s20f3): option ip_address           => '10.4.0.255'
// [`NetworkManager[930]: <info>  [1610811965.6700] dhcp4 (wlp0s20f3): option requested_broadcast_address => '1'
// [`NetworkManager[930]: <info>  [1610811965.6700] dhcp4 (wlp0s20f3): option requested_domain_name => '1'
// [`NetworkManager[930]: <info>  [1610811965.6700] dhcp4 (wlp0s20f3): option requested_domain_name_servers => '1'
// [`NetworkManager[930]: <info>  [1610811965.6700] dhcp4 (wlp0s20f3): option requested_domain_search => '1'
// [`NetworkManager[930]: <info>  [1610811965.6700] dhcp4 (wlp0s20f3): option requested_host_name  => '1'
// [`NetworkManager[930]: <info>  [1610811965.6700] dhcp4 (wlp0s20f3): option requested_interface_mtu => '1'
// [`NetworkManager[930]: <info>  [1610811965.6700] dhcp4 (wlp0s20f3): option requested_ms_classless_static_routes => '1'
// [`NetworkManager[930]: <info>  [1610811965.6700] dhcp4 (wlp0s20f3): option requested_nis_domain => '1'
// [`NetworkManager[930]: <info>  [1610811965.6700] dhcp4 (wlp0s20f3): option requested_nis_servers => '1'
// [`NetworkManager[930]: <info>  [1610811965.6701] dhcp4 (wlp0s20f3): option requested_ntp_servers => '1'
// [`NetworkManager[930]: <info>  [1610811965.6701] dhcp4 (wlp0s20f3): option requested_rfc3442_classless_static_routes => '1'
// [`NetworkManager[930]: <info>  [1610811965.6701] dhcp4 (wlp0s20f3): option requested_root_path  => '1'
// [`NetworkManager[930]: <info>  [1610811965.6701] dhcp4 (wlp0s20f3): option requested_routers    => '1'
// [`NetworkManager[930]: <info>  [1610811965.6701] dhcp4 (wlp0s20f3): option requested_static_routes => '1'
// [`NetworkManager[930]: <info>  [1610811965.6701] dhcp4 (wlp0s20f3): option requested_subnet_mask => '1'
// [`NetworkManager[930]: <info>  [1610811965.6701] dhcp4 (wlp0s20f3): option requested_time_offset => '1'
// [`NetworkManager[930]: <info>  [1610811965.6701] dhcp4 (wlp0s20f3): option requested_wpad       => '1'
// [`avahi-daemon[925]: Joining mDNS multicast group on interface wlp0s20f3.IPv4 with address 10.4.0.255.
// [`NetworkManager[930]: <info>  [1610811965.6701] dhcp4 (wlp0s20f3): option routers              => '10.4.0.1'
// [`NetworkManager[930]: <info>  [1610811965.6701] dhcp4 (wlp0s20f3): option subnet_mask          => '255.255.252.0'
// [`NetworkManager[930]: <info>  [1610811965.6701] dhcp4 (wlp0s20f3): state changed unknown -> bound
// [`NetworkManager[930]: <info>  [1610811965.6722] device (wlp0s20f3): state change: ip-config -> ip-check (reason 'none', sys-iface-state: 'managed')
// [`avahi-daemon[925]: New relevant interface wlp0s20f3.IPv4 for mDNS.
// [`avahi-daemon[925]: Registering new address record for 10.4.0.255 on wlp0s20f3.IPv4.
// [`NetworkManager[930]: <info>  [1610811965.6775] device (wlp0s20f3): state change: ip-check -> secondaries (reason 'none', sys-iface-state: 'managed')
// [`NetworkManager[930]: <info>  [1610811965.6779] device (wlp0s20f3): state change: secondaries -> activated (reason 'none', sys-iface-state: 'managed')
// [`NetworkManager[930]: <info>  [1610811965.6786] manager: NetworkManager state is now CONNECTED_LOCAL
// [`NetworkManager[930]: <info>  [1610811965.6842] manager: NetworkManager state is now CONNECTED_SITE
// [`NetworkManager[930]: <info>  [1610811965.6860] policy: set 'KWENCH' (wlp0s20f3) as default for IPv4 routing and DNS
// [`NetworkManager[930]: <info>  [1610811965.6880] device (wlp0s20f3): Activation: successful, device activated.
// [`NetworkManager[930]: <info>  [1610811965.6939] manager: NetworkManager state is now CONNECTED_GLOBAL
// [`NetworkManager[930]: <info>  [1610811965.7002] manager: startup complete
// [`systemd[1]: Finished Network Manager Wait Online.
// [`systemd[1]: Reached target Network is Online.
// [`systemd[1]: Starting LSB: disk temperature monitoring daemon...
// [`systemd[1]: Starting Tool to automatically collect and submit kernel crash signatures...
// [`systemd[1]: Started crash report submission daemon.
// [`systemd[1]: kerneloops.service: Found left-over process 2259 (kerneloops) in control group while starting unit. Ignoring.
// [`systemd[1]: This usually indicates unclean termination of a previous run, or service implementation deficiencies.
// [`systemd[1]: Started Tool to automatically collect and submit kernel crash signatures.
// [`systemd[1]: Started LSB: disk temperature monitoring daemon.
// [`whoopsie[2257]: [07:46:05] Using lock path: /var/lock/whoopsie/lock
// [`whoopsie[2257]: [07:46:05] The default IPv4 route is: /org/freedesktop/NetworkManager/ActiveConnection/1
// [`whoopsie[2257]: [07:46:05] Not a paid data plan: /org/freedesktop/NetworkManager/ActiveConnection/1
// [`whoopsie[2257]: [07:46:05] Found usable connection: /org/freedesktop/NetworkManager/ActiveConnection/1
// [`set-cpufreq[948]: Setting powersave scheduler for all CPUs
// [`systemd[1]: ondemand.service: Succeeded.
// [`systemd[1]: dmesg.service: Succeeded.
// [`snapd[962]: storehelpers.go:551: cannot refresh: snap has no updates available: "chromium", "core", "core18", "core20", "gnome-3-28-1804", "gtk-common-themes", "heroku", "ngrok", "snapd"
// [`snapd[962]: autorefresh.go:479: auto-refresh: all snaps are up-to-date
// [`systemd[1]: unattended-upgrades.service: Succeeded.
// [`systemd[1]: Unnecessary job for /dev/ipts/0 was removed.
// [`systemd[1]: Stopping Session c1 of user lightdm.
// [`systemd[1]: Removed slice system-modprobe.slice.
// [`systemd[1]: Stopped target Sound Card.
// [`systemd[1]: Stopped target Timers.
// [`systemd[1]: apt-daily-upgrade.timer: Succeeded.
// [`systemd[1]: Stopped Daily apt upgrade and clean activities.
// [`systemd[1]: apt-daily.timer: Succeeded.
// [`systemd[1]: Stopped Daily apt download activities.
// [`systemd[1]: e2scrub_all.timer: Succeeded.
// [`systemd[1]: Stopped Periodic ext4 Online Metadata Check for All Filesystems.
// [`systemd[1]: fstrim.timer: Succeeded.
// [`systemd[1]: Stopped Discard unused blocks once a week.
// [`systemd[1]: fwupd-refresh.timer: Succeeded.
// [`systemd[1]: Stopped Refresh fwupd metadata regularly.
// [`systemd[1]: logrotate.timer: Succeeded.
// [`systemd[1]: Stopped Daily rotation of log files.
// [`systemd[1]: man-db.timer: Succeeded.
// [`systemd[1]: Stopped Daily man-db regeneration.
// [`systemd[1]: motd-news.timer: Succeeded.
// [`systemd[1]: Stopped Message of the Day.
// [`systemd[1]: systemd-tmpfiles-clean.timer: Succeeded.
// [`systemd[1]: Stopped Daily Cleanup of Temporary Directories.
// [`systemd[1]: lvm2-lvmpolld.socket: Succeeded.
// [`systemd[1]: Closed LVM2 poll daemon socket.
// [`systemd[1]: Unmounting RPC Pipe File System...
// [`nm-dispatcher: Caught signal 15, shutting down...
// [`systemd[1]: Stopping Network Manager Script Dispatcher Service...
// [`systemd[1]: Stopping ACPI event daemon...
// [`systemd[1]: Stopping Save/Restore Sound Card State...
// [`systemd[1]: Stopping Availability of block devices...
// [`systemd[1749]: run-rpc_pipefs.mount: Succeeded.
// [`systemd[1]: Stopping Create final runtime dir for shutdown pivot root...
// [`systemd[1]: Stopping RealtimeKit Scheduling Policy Service...
// [`systemd[1]: Condition check resulted in Ubuntu core (all-snaps) system shutdown helper setup service being skipped.
// [`systemd[1]: Stopping Hostname Service...
// [`systemd[1]: Stopping Load/Save Random Seed...
// [`systemd[1]: Stopping Accounts Service...
// [`ModemManager[1020]: <info>  Caught signal, shutting down...
// [`systemd[1]: Stopping Light Display Manager...
// [`anacron[922]: Received SIGUSR1
// [`systemd[1]: Stopped target Login Prompts.
// [`anacron[922]: Exited
// [`systemd[1]: Stopping Modem Manager...
// [`systemd[1]: Stopping Run anacron jobs...
// [`systemd[1]: Stopping LSB: automatic crash report generation...
// [`systemd[1]: Stopping Regular background program processing daemon...
// [`systemd[1]: Stopping Make remote CUPS printers available locally...
// [`systemd[1]: Stopping Getty on tty1...
// [`systemd[1]: Stopping LSB: Record successful boot for GRUB...
// [`NetworkManager[930]: <info>  [1610811970.9081] modem-manager: ModemManager no longer available
// [`systemd[1]: Stopping LSB: disk temperature monitoring daemon...
// [`blkdeactivate[4319]: Deactivating block devices:
// [`systemd-modules-load[428]: Inserted module 'lp'
// [`systemd-modules-load[428]: Inserted module 'ppdev'
// [`kernel: [    0.000000] microcode: microcode updated early to revision 0xa0, date = 2020-07-30
// [`kernel: [    0.000000] Linux version 5.10.5-surface (root@6b445f98509f) (gcc (Ubuntu 9.3.0-17ubuntu1~20.04) 9.3.0, GNU ld (GNU Binutils for Ubuntu) 2.34) #1 SMP Thu Jan 7 23:33:52 UTC 2021
// [`systemd-modules-load[428]: Inserted module 'parport_pc'
// [`kernel: [    0.000000] Command line: BOOT_IMAGE=/boot/vmlinuz-5.10.5-surface root=UUID=150b68aa-654e-43a4-8265-286f2e5ffcb5 ro quiet splash reboot=pci
// [`kernel: [    0.000000] KERNEL supported cpus:
// [`kernel: [    0.000000]   Intel GenuineIntel
// [`kernel: [    0.000000]   AMD AuthenticAMD
// [`kernel: [    0.000000]   Hygon HygonGenuine
// [`systemd-sysctl[445]: Not setting net/ipv4/conf/all/promote_secondaries (explicit setting exists).
// [`kernel: [    0.000000]   Centaur CentaurHauls
// [`kernel: [    0.000000]   zhaoxin   Shanghai
// [`kernel: [    0.000000] x86/split lock detection: warning about user-space split_locks
// [`kernel: [    0.000000] x86/fpu: Supporting XSAVE feature 0x001: 'x87 floating point registers'
// [`kernel: [    0.000000] x86/fpu: Supporting XSAVE feature 0x002: 'SSE registers'
// [`systemd-sysctl[445]: Not setting net/ipv4/conf/default/promote_secondaries (explicit setting exists).
// [`kernel: [    0.000000] x86/fpu: Supporting XSAVE feature 0x004: 'AVX registers'
// [`kernel: [    0.000000] x86/fpu: Supporting XSAVE feature 0x020: 'AVX-512 opmask'
// [`kernel: [    0.000000] x86/fpu: Supporting XSAVE feature 0x040: 'AVX-512 Hi256'
// [`kernel: [    0.000000] x86/fpu: Supporting XSAVE feature 0x080: 'AVX-512 ZMM_Hi256'
// [`systemd[1]: Starting Flush Journal to Persistent Storage...
// [`kernel: [    0.000000] x86/fpu: Supporting XSAVE feature 0x200: 'Protection Keys User registers'
// [`kernel: [    0.000000] x86/fpu: xstate_offset[2]:  576, xstate_sizes[2]:  256
// [`kernel: [    0.000000] x86/fpu: xstate_offset[5]:  832, xstate_sizes[5]:   64
// [`kernel: [    0.000000] x86/fpu: xstate_offset[6]:  896, xstate_sizes[6]:  512
// [`systemd[1]: Activated swap /swapfile.
// [`kernel: [    0.000000] x86/fpu: xstate_offset[7]: 1408, xstate_sizes[7]: 1024
// [`kernel: [    0.000000] x86/fpu: xstate_offset[9]: 2432, xstate_sizes[9]:    8
// [`kernel: [    0.000000] x86/fpu: Enabled xstate features 0x2e7, context size is 2440 bytes, using 'compacted' format.
// [`kernel: [    0.000000] BIOS-provided physical RAM map:
// [`kernel: [    0.000000] BIOS-e820: [mem 0x0000000000000000-0x000000000009ffff] usable
// [`systemd[1]: Reached target Swap.
// [`kernel: [    0.000000] BIOS-e820: [mem 0x00000000000a0000-0x00000000000fffff] reserved
// [`kernel: [    0.000000] BIOS-e820: [mem 0x0000000000100000-0x000000007a831fff] usable
// [`kernel: [    0.000000] BIOS-e820: [mem 0x000000007a832000-0x000000007a832fff] ACPI NVS
// [`kernel: [    0.000000] BIOS-e820: [mem 0x000000007a833000-0x000000007a833fff] reserved
// [`systemd[1]: Finished Monitoring of LVM2 mirrors, snapshots etc. using dmeventd or progress polling.
// [`kernel: [    0.000000] BIOS-e820: [mem 0x000000007a834000-0x000000007bae1fff] usable
// [`kernel: [    0.000000] BIOS-e820: [mem 0x000000007bae2000-0x000000007bb89fff] reserved
// [`kernel: [    0.000000] BIOS-e820: [mem 0x000000007bb8a000-0x000000007bbb3fff] ACPI NVS
// [`kernel: [    0.000000] BIOS-e820: [mem 0x000000007bbb4000-0x000000007bbfefff] ACPI data
// [`systemd[1]: Reached target Local File Systems (Pre).
// [`kernel: [    0.000000] BIOS-e820: [mem 0x000000007bbff000-0x000000007bbfffff] usable
// [`kernel: [    0.000000] BIOS-e820: [mem 0x000000007bc00000-0x00000000953fffff] reserved
// [`kernel: [    0.000000] BIOS-e820: [mem 0x00000000fe010000-0x00000000fe010fff] reserved
// [`kernel: [    0.000000] BIOS-e820: [mem 0x00000000fed20000-0x00000000fed7ffff] reserved
// [`kernel: [    0.000000] BIOS-e820: [mem 0x0000000100000000-0x000000026abfffff] usable
// [`kernel: [    0.000000] NX (Execute Disable) protection: active
// [`systemd[1]: Mounting Mount unit for chromium, revision 1424...
// [`kernel: [    0.000000] efi: EFI v2.70 by MSFT
// [`kernel: [    0.000000] efi: ACPI=0x7bbfe000 ACPI 2.0=0x7bbfe014 TPMFinalLog=0x7bbab000 SMBIOS=0x7bb51000 SMBIOS 3.0=0x7bb4f000 MEMATTR=0x77e22518 ESRT=0x78a93398 RNG=0x7bb64798 TPMEventLog=0x77e11018
// [`kernel: [    0.000000] efi: seeding entropy pool
// [`kernel: [    0.000000] random: fast init done
// [`kernel: [    0.000000] SMBIOS 3.2.0 present.
// [`systemd[1]: Mounting Mount unit for chromium, revision 1444...
// [`kernel: [    0.000000] DMI: Microsoft Corporation Surface Laptop 3/Surface Laptop 3, BIOS 7.124.140 06/23/2020
// [`kernel: [    0.000000] tsc: Detected 1500.000 MHz processor
// [`kernel: [    0.000000] tsc: Detected 1497.600 MHz TSC
// [`systemd[1]: Mounting Mount unit for core, revision 10577...
// [`kernel: [    0.001137] e820: update [mem 0x00000000-0x00000fff] usable ==> reserved
// [`kernel: [    0.001143] e820: remove [mem 0x000a0000-0x000fffff] usable
// [`kernel: [    0.001152] last_pfn = 0x26ac00 max_arch_pfn = 0x400000000
// [`kernel: [    0.001158] MTRR default type: write-back
// [`kernel: [    0.001160] MTRR fixed ranges enabled:
// [`kernel: [    0.001162]   00000-9FFFF write-back
// [`systemd[1]: Mounting Mount unit for core, revision 10583...
// [`kernel: [    0.001163]   A0000-BFFFF uncachable
// [`kernel: [    0.001165]   C0000-FFFFF write-protect
// [`kernel: [    0.001166] MTRR variable ranges enabled:
// [`kernel: [    0.001169]   0 base 00C0000000 mask 7FC0000000 uncachable
// [`kernel: [    0.001171]   1 base 00A0000000 mask 7FE0000000 uncachable
// [`systemd[1]: Mounting Mount unit for core18, revision 1932...
// [`kernel: [    0.001172]   2 base 0098000000 mask 7FF8000000 uncachable
// [`kernel: [    0.001174]   3 base 0094000000 mask 7FFC000000 uncachable
// [`kernel: [    0.001175]   4 base 0092000000 mask 7FFE000000 uncachable
// [`kernel: [    0.001176]   5 base 0091000000 mask 7FFF000000 uncachable
// [`systemd[1]: Mounting Mount unit for core18, revision 1944...
// [`kernel: [    0.001178]   6 base 4000000000 mask 4000000000 uncachable
// [`kernel: [    0.001179]   7 disabled
// [`kernel: [    0.001180]   8 disabled
// [`kernel: [    0.001181]   9 disabled
// [`systemd[1]: Mounting Mount unit for core20, revision 875...
// [`kernel: [    0.002182] x86/PAT: Configuration [0-7]: WB  WC  UC- UC  WB  WP  UC- WT
// [`kernel: [    0.002902] last_pfn = 0x7bc00 max_arch_pfn = 0x400000000
// [`kernel: [    0.030559] esrt: Reserving ESRT space from 0x0000000078a93398 to 0x0000000078a934e8.
// [`kernel: [    0.030571] e820: update [mem 0x78a93000-0x78a93fff] usable ==> reserved
// [`systemd[1]: Mounting Mount unit for core20, revision 904...
// [`kernel: [    0.030617] check: Scanning 1 areas for low memory corruption
// [`kernel: [    0.030625] Using GB pages for direct mapping
// [`kernel: [    0.031329] Secure boot disabled
// [`kernel: [    0.031331] RAMDISK: [mem 0x3aaa6000-0x3fffdfff]
// [`kernel: [    0.031366] ACPI: Early table checksum verification disabled
// [`systemd[1]: Mounting Mount unit for gnome-3-28-1804, revision 145...
// [`kernel: [    0.031371] ACPI: RSDP 0x000000007BBFE014 000024 (v02 MSFT  )
// [`kernel: [    0.031377] ACPI: XSDT 0x000000007BBFD0E8 0000C4 (v01 MSFT   MSFT     00000002 MSFT 20160422)
// [`kernel: [    0.031387] ACPI: FACP 0x000000007BBE3000 000114 (v06 MSFT   MSFT     00000002 MSFT 20160422)
// [`kernel: [    0.031396] ACPI: DSDT 0x000000007BBC3000 01B1E0 (v02 MSFT   MSFT     00000002 MSFT 20160422)
// [`kernel: [    0.031402] ACPI: FACS 0x000000007BB92000 000040
// [`systemd[1]: Mounting Mount unit for gtk-common-themes, revision 1513...
// [`kernel: [    0.031407] ACPI: SSDT 0x000000007BBFB000 001B61 (v02 CpuRef CpuSsdt  00003000 INTL 20181003)
// [`kernel: [    0.031413] ACPI: MSDM 0x000000007BBFA000 000055 (v01 MSFT            00000001 MSFT 00000001)
// [`kernel: [    0.031418] ACPI: SSDT 0x000000007BBF4000 00557B (v02 OEMID  DptfTabl 00001000 INTL 20181003)
// [`kernel: [    0.031424] ACPI: SSDT 0x000000007BBF0000 0033E3 (v02 SaSsdt SaSsdt   00003000 INTL 20181003)
// [`systemd[1]: Mounting Mount unit for gtk-common-themes, revision 1514...
// [`kernel: [    0.031429] ACPI: SSDT 0x000000007BBE4000 00B27A (v02 INTEL  TcssSsdt 00001000 INTL 20181003)
// [`kernel: [    0.031434] ACPI: HPET 0x000000007BBE2000 000038 (v01 MSFT   MSFT     00000002 MSFT 20160422)
// [`kernel: [    0.031440] ACPI: LPIT 0x000000007BBE1000 000094 (v01 MSFT   MSFT     00000002 MSFT 20160422)
// [`kernel: [    0.031445] ACPI: APIC 0x000000007BBE0000 00012C (v03 MSFT   MSFT     00000002 MSFT 20160422)
// [`kernel: [    0.031450] ACPI: MCFG 0x000000007BBDF000 00003C (v01 MSFT   MSFT     00000002 MSFT 20160422)
// [`kernel: [    0.031455] ACPI: SSDT 0x000000007BBC2000 0000DD (v02 MSFT   DEVPANEL 00000001 INTL 20181003)
// [`systemd[1]: Mounting Mount unit for heroku, revision 4010...
// [`kernel: [    0.031461] ACPI: SSDT 0x000000007BBC1000 000DB4 (v02 MSFT   RTD3_ED  00001000 INTL 20181003)
// [`kernel: [    0.031466] ACPI: SSDT 0x000000007BBC0000 0009DE (v02 MSFT   xh_ed000 00000000 INTL 20181003)
// [`kernel: [    0.031471] ACPI: NHLT 0x000000007BBBF000 00002D (v00 MSFT   MSFT     00000002 MSFT 20160422)
// [`systemd[1]: Mounting Mount unit for heroku, revision 4017...
// [`kernel: [    0.031476] ACPI: SSDT 0x000000007BBBE000 000574 (v02 MSFT   Tpm2Tabl 00001000 INTL 20181003)
// [`kernel: [    0.031482] ACPI: TPM2 0x000000007BBBD000 000034 (v03 MSFT   MSFT     00000002 MSFT 20160422)
// [`kernel: [    0.031487] ACPI: DMAR 0x000000007BBBC000 000088 (v02 MSFT   MSFT     00000002 MSFT 20160422)
// [`systemd[1]: Mounting Mount unit for ngrok, revision 26...
// [`kernel: [    0.031492] ACPI: BGRT 0x000000007BBBB000 000038 (v01 MSFT   MSFT     00000002 MSFT 20160422)
// [`kernel: [    0.031497] ACPI: WSMT 0x000000007BBBA000 000028 (v01 MSFT   MSFT     00000002 MSFT 20160422)
// [`kernel: [    0.031503] ACPI: FPDT 0x000000007BBB9000 000034 (v01 MSFT   MSFT     00000002 MSFT 20160422)
// [`kernel: [    0.031516] ACPI: Local APIC address 0xfee00000
// [`kernel: [    0.031916] No NUMA configuration found
// [`kernel: [    0.031918] Faking a node at [mem 0x0000000000000000-0x000000026abfffff]
// [`systemd[1]: Mounting Mount unit for ngrok, revision 29...
// [`kernel: [    0.031929] NODE_DATA(0) allocated [mem 0x26abd5000-0x26abfffff]
// [`kernel: [    0.032278] cma: Reserved 32 MiB at 0x0000000268800000
// [`systemd[1]: Mounting Mount unit for snapd, revision 10492...
// [`kernel: [    0.032305] Zone ranges:
// [`kernel: [    0.032307]   DMA      [mem 0x0000000000001000-0x0000000000ffffff]
// [`kernel: [    0.032309]   DMA32    [mem 0x0000000001000000-0x00000000ffffffff]
// [`systemd[1]: Mounting Mount unit for snapd, revision 10707...
// [`systemd[1]: Started udev Kernel Device Manager.
// [`systemd[1]: Starting Show Plymouth Boot Screen...
// [`systemd[1]: plymouth-start.service: Succeeded.
// [`systemd[1]: Started Show Plymouth Boot Screen.
// [`systemd[1]: Condition check resulted in Dispatch Password Requests to Console Directory Watch being skipped.
// [`systemd[1]: Started Forward Password Requests to Plymouth Directory Watch.
// [`systemd[1]: Reached target Local Encrypted Volumes.
// [`systemd[1]: Finished Flush Journal to Persistent Storage.
// [`systemd[1]: Mounted Mount unit for chromium, revision 1444.
// [`systemd[1]: Mounted Mount unit for core, revision 10577.
// [`systemd[1]: Created slice system-systemd\x2dbacklight.slice.
// [`systemd[1]: Starting Load/Save Screen Backlight Brightness of backlight:intel_backlight...
// [`systemd[1]: Finished Load/Save Screen Backlight Brightness of backlight:intel_backlight.
// [`systemd-udevd[481]: ethtool: autonegotiation is unset or enabled, the speed and duplex are not writable.
// [`systemd[1]: Mounted Mount unit for core20, revision 875.
// [`kernel: [    0.032311]   Normal   [mem 0x0000000100000000-0x000000026abfffff]
// [`kernel: [    0.032314]   Device   empty
// [`systemd[1]: Found device /dev/ipts/0.
// [`kernel: [    0.032316] Movable zone start for each node
// [`kernel: [    0.032322] Early memory node ranges
// [`kernel: [    0.032323]   node   0: [mem 0x0000000000001000-0x000000000009ffff]
// [`kernel: [    0.032325]   node   0: [mem 0x0000000000100000-0x000000007a831fff]
// [`kernel: [    0.032327]   node   0: [mem 0x000000007a834000-0x000000007bae1fff]
// [`systemd[1]: Mounted Mount unit for chromium, revision 1424.
// [`kernel: [    0.032328]   node   0: [mem 0x000000007bbff000-0x000000007bbfffff]
// ["systemd[1]: Mounted Mount unit for core, revision 10583.
// ["kernel: [    0.032329]   node   0: [mem 0x0000000100000000-0x000000026abfffff]
// ["kernel: [    0.032740] Zeroed struct page in unavailable ranges: 39296 pages
// ["systemd[1]: Mounted Mount unit for core20, revision 904.
// ["kernel: [    0.032742] Initmem setup node 0 [mem 0x0000000000001000-0x000000026abfffff]
// ["kernel: [    0.032745] On node 0 totalpages: 1992320
// ["kernel: [    0.032747]   DMA zone: 64 pages used for memmap
// ["kernel: [    0.032748]   DMA zone: 25 pages reserved
// ["kernel: [    0.032750]   DMA zone: 3999 pages, LIFO batch:0
// ["systemd[1]: Mounted Mount unit for gtk-common-themes, revision 1513.
// ["kernel: [    0.032781]   DMA32 zone: 7852 pages used for memmap
// ["kernel: [    0.032783]   DMA32 zone: 502497 pages, LIFO batch:63
// ["kernel: [    0.036680]   Normal zone: 23216 pages used for memmap
// ["kernel: [    0.036681]   Normal zone: 1485824 pages, LIFO batch:63
// ["kernel: [    0.048200] x86/hpet: Will disable the HPET for this platform because it's not reliable
// ["systemd[1]: Mounted Mount unit for gtk-common-themes, revision 1514.
// ["kernel: [    0.048240] Reserving Intel graphics memory at [mem 0x91800000-0x953fffff]
// ["kernel: [    0.048680] ACPI: PM-Timer IO Port: 0x1808
// ["kernel: [    0.048683] ACPI: Local APIC address 0xfee00000
// ["kernel: [    0.048694] ACPI: LAPIC_NMI (acpi_id[0x01] high edge lint[0x1])
// ["kernel: [    0.048695] ACPI: LAPIC_NMI (acpi_id[0x02] high edge lint[0x1])
// ["systemd-udevd[480]: Using default interface naming scheme 'v245'.
// ["kernel: [    0.048696] ACPI: LAPIC_NMI (acpi_id[0x03] high edge lint[0x1])
// ["kernel: [    0.048697] ACPI: LAPIC_NMI (acpi_id[0x04] high edge lint[0x1])
// ["systemd-udevd[480]: ethtool: autonegotiation is unset or enabled, the speed and duplex are not writable.
// ["kernel: [    0.048699] ACPI: LAPIC_NMI (acpi_id[0x05] high edge lint[0x1])
// ["kernel: [    0.048700] ACPI: LAPIC_NMI (acpi_id[0x06] high edge lint[0x1])
// ["kernel: [    0.048701] ACPI: LAPIC_NMI (acpi_id[0x07] high edge lint[0x1])
// ["kernel: [    0.048702] ACPI: LAPIC_NMI (acpi_id[0x08] high edge lint[0x1])
// ["kernel: [    0.048703] ACPI: LAPIC_NMI (acpi_id[0x09] high edge lint[0x1])
// ["kernel: [    0.048704] ACPI: LAPIC_NMI (acpi_id[0x0a] high edge lint[0x1])
// ["kernel: [    0.048705] ACPI: LAPIC_NMI (acpi_id[0x0b] high edge lint[0x1])
// ["systemd-udevd[473]: Using default interface naming scheme 'v245'.
// ["kernel: [    0.048706] ACPI: LAPIC_NMI (acpi_id[0x0c] high edge lint[0x1])
// ["kernel: [    0.048707] ACPI: LAPIC_NMI (acpi_id[0x0d] high edge lint[0x1])
// ["kernel: [    0.048708] ACPI: LAPIC_NMI (acpi_id[0x0e] high edge lint[0x1])
// ["kernel: [    0.048710] ACPI: LAPIC_NMI (acpi_id[0x0f] high edge lint[0x1])
// ["kernel: [    0.048711] ACPI: LAPIC_NMI (acpi_id[0x10] high edge lint[0x1])
// ["systemd[1]: Mounted Mount unit for snapd, revision 10492.
// ["kernel: [    0.048748] IOAPIC[0]: apic_id 2, version 32, address 0xfec00000, GSI 0-119
// ["kernel: [    0.048752] ACPI: INT_SRC_OVR (bus 0 bus_irq 0 global_irq 2 dfl dfl)
// ["kernel: [    0.048754] ACPI: INT_SRC_OVR (bus 0 bus_irq 9 global_irq 9 high level)
// ["systemd[1]: Mounted Mount unit for gnome-3-28-1804, revision 145.
// ["kernel: [    0.048757] ACPI: IRQ0 used by override.
// ["kernel: [    0.048759] ACPI: IRQ9 used by override.
// ["kernel: [    0.048762] Using ACPI (MADT) for SMP configuration information
// ["kernel: [    0.048764] ACPI: HPET id: 0x8086a201 base: 0xfed00000
// ["kernel: [    0.048780] e820: update [mem 0x7834c000-0x78378fff] usable ==> reserved
// ["systemd[1]: Mounted Mount unit for core18, revision 1932.
// ["kernel: [    0.048792] TSC deadline timer available
// ["kernel: [    0.048794] smpboot: Allowing 8 CPUs, 0 hotplug CPUs
// ["kernel: [    0.048824] PM: hibernation: Registered nosave memory: [mem 0x00000000-0x00000fff]
// ["kernel: [    0.048826] PM: hibernation: Registered nosave memory: [mem 0x000a0000-0x000fffff]
// ["systemd[1]: Mounted Mount unit for heroku, revision 4017.
// ["kernel: [    0.048829] PM: hibernation: Registered nosave memory: [mem 0x7834c000-0x78378fff]
// ["kernel: [    0.048831] PM: hibernation: Registered nosave memory: [mem 0x78a93000-0x78a93fff]
// ["systemd[1]: Mounted Mount unit for ngrok, revision 29.
// ["kernel: [    0.048833] PM: hibernation: Registered nosave memory: [mem 0x7a832000-0x7a832fff]
// ["kernel: [    0.048834] PM: hibernation: Registered nosave memory: [mem 0x7a833000-0x7a833fff]
// ["kernel: [    0.048837] PM: hibernation: Registered nosave memory: [mem 0x7bae2000-0x7bb89fff]
// ["kernel: [    0.048838] PM: hibernation: Registered nosave memory: [mem 0x7bb8a000-0x7bbb3fff]
// ["kernel: [    0.048839] PM: hibernation: Registered nosave memory: [mem 0x7bbb4000-0x7bbfefff]
// ["kernel: [    0.048841] PM: hibernation: Registered nosave memory: [mem 0x7bc00000-0x953fffff]
// ["systemd[1]: Found device HFM256GDGTNG-87A0A EFI\x20System\x20Partition.
// ["kernel: [    0.048842] PM: hibernation: Registered nosave memory: [mem 0x95400000-0xfe00ffff]
// ["kernel: [    0.048843] PM: hibernation: Registered nosave memory: [mem 0xfe010000-0xfe010fff]
// ["kernel: [    0.048845] PM: hibernation: Registered nosave memory: [mem 0xfe011000-0xfed1ffff]
// ["kernel: [    0.048846] PM: hibernation: Registered nosave memory: [mem 0xfed20000-0xfed7ffff]
// ["kernel: [    0.048847] PM: hibernation: Registered nosave memory: [mem 0xfed80000-0xffffffff]
// ["systemd[1]: Starting File System Check on /dev/disk/by-uuid/36B1-BA90...
// ["kernel: [    0.048849] [mem 0x95400000-0xfe00ffff] available for PCI devices
// ["kernel: [    0.048852] Booting paravirtualized kernel on bare hardware
// ["kernel: [    0.048856] clocksource: refined-jiffies: mask: 0xffffffff max_cycles: 0xffffffff, max_idle_ns: 7645519600211568 ns
// ["kernel: [    0.048865] setup_percpu: NR_CPUS:8192 nr_cpumask_bits:8 nr_cpu_ids:8 nr_node_ids:1
// ["systemd[1]: Started File System Check Daemon to report status.
// ["kernel: [    0.049185] percpu: Embedded 56 pages/cpu s192512 r8192 d28672 u262144
// ["kernel: [    0.049194] pcpu-alloc: s192512 r8192 d28672 u262144 alloc=1*2097152
// ["kernel: [    0.049196] pcpu-alloc: [0] 0 1 2 3 4 5 6 7
// ["kernel: [    0.049238] Built 1 zonelists, mobility grouping on.  Total pages: 1961163
// ["systemd-fsck[858]: fsck.fat 4.1 (2017-01-24)
// ["kernel: [    0.049239] Policy zone: Normal
// ["kernel: [    0.049241] Kernel command line: BOOT_IMAGE=/boot/vmlinuz-5.10.5-surface root=UUID=150b68aa-654e-43a4-8265-286f2e5ffcb5 ro quiet splash reboot=pci
// ["kernel: [    0.049997] Dentry cache hash table entries: 1048576 (order: 11, 8388608 bytes, linear)
// ["kernel: [    0.050311] Inode-cache hash table entries: 524288 (order: 10, 4194304 bytes, linear)
// ["kernel: [    0.050437] mem auto-init: stack:off, heap alloc:on, heap free:off
// ["systemd-fsck[858]: /dev/nvme0n1p1: 11 files, 1996/130812 clusters
// ["kernel: [    0.079091] Memory: 7543840K/7969280K available (14345K kernel code, 3518K rwdata, 5272K rodata, 2656K init, 5972K bss, 392412K reserved, 32768K cma-reserved)
// ["kernel: [    0.079100] random: get_random_u64 called from __kmem_cache_create+0x31/0x430 with crng_init=1
// ["kernel: [    0.079269] SLUB: HWalign=64, Order=0-3, MinObjects=0, CPUs=8, Nodes=1
// ["systemd[1]: Finished File System Check on /dev/disk/by-uuid/36B1-BA90.
// ["kernel: [    0.079287] ftrace: allocating 47600 entries in 186 pages
// ["kernel: [    0.108642] ftrace: allocated 186 pages with 5 groups
// ["kernel: [    0.108799] rcu: Hierarchical RCU implementation.
// ["kernel: [    0.108801] rcu: 	RCU restricting CPUs from NR_CPUS=8192 to nr_cpu_ids=8.
// ["systemd[1]: Mounting /boot/efi...
// ["kernel: [    0.108803] 	Trampoline variant of Tasks RCU enabled.
// ["kernel: [    0.108804] 	Rude variant of Tasks RCU enabled.
// ["kernel: [    0.108805] 	Tracing variant of Tasks RCU enabled.
// ["kernel: [    0.108807] rcu: RCU calculated value of scheduler-enlistment delay is 25 jiffies.
// ["kernel: [    0.108808] rcu: Adjusting geometry for rcu_fanout_leaf=16, nr_cpu_ids=8
// ["kernel: [    0.115257] NR_IRQS: 524544, nr_irqs: 2048, preallocated irqs: 16
// ["kernel: [    0.115858] random: crng done (trusting CPU's manufacturer)
// ["kernel: [    0.115897] Console: colour dummy device 80x25
// ["kernel: [    0.115920] printk: console [tty0] enabled
// ["kernel: [    0.115945] ACPI: Core revision 20200925
// ["systemd[1]: Mounted /boot/efi.
// ["kernel: [    0.116252] APIC: Switch to symmetric I/O mode setup
// ["kernel: [    0.116255] DMAR: Host address width 39
// ["kernel: [    0.116257] DMAR: DRHD base: 0x000000fed90000 flags: 0x0
// ["mtp-probe: checking bus 3, device 2: "/sys/devices/pci0000:00/0000:00:14.0/usb3/3-6"
// ["kernel: [    0.116265] DMAR: dmar0: reg_base_addr fed90000 ver 4:0 cap 1c0000c40660462 ecap 49e2ff0505e
// ["kernel: [    0.116267] DMAR: DRHD base: 0x000000fed91000 flags: 0x1
// ["kernel: [    0.116275] DMAR: dmar1: reg_base_addr fed91000 ver 1:0 cap d2008c40660462 ecap f050da
// ["kernel: [    0.116277] DMAR: RMRR base: 0x00000091000000 end: 0x000000953fffff
// ["kernel: [    0.116281] DMAR-IR: IOAPIC id 2 under DRHD base  0xfed91000 IOMMU 1
// ["kernel: [    0.116282] DMAR-IR: HPET id 0 under DRHD base 0xfed91000
// ["mtp-probe: bus: 3, device: 2 was not an MTP device
// ["kernel: [    0.116284] DMAR-IR: x2apic is disabled because BIOS sets x2apic opt out bit.
// ["systemd[1]: Mounted Mount unit for heroku, revision 4010.
// ["kernel: [    0.116285] DMAR-IR: Use 'intremap=no_x2apic_optout' to override the BIOS setting.
// ["kernel: [    0.118068] DMAR-IR: Enabled IRQ remapping in xapic mode
// ["kernel: [    0.118070] x2apic: IRQ remapping doesn't support X2APIC mode
// ["kernel: [    0.122640] clocksource: tsc-early: mask: 0xffffffffffffffff max_cycles: 0x159647815e3, max_idle_ns: 440795269835 ns
// ["systemd[1]: Mounted Mount unit for ngrok, revision 26.
// ["kernel: [    0.122650] Calibrating delay loop (skipped), value calculated using timer frequency.. 2995.20 BogoMIPS (lpj=5990400)
// ["systemd[1]: Mounted Mount unit for core18, revision 1944.
// ["systemd[1]: Mounted Mount unit for snapd, revision 10707.
// ["systemd[1]: Reached target Local File Systems.
// ["systemd[1]: Starting Load AppArmor profiles...
// ["systemd[1]: Starting Set console font and keymap...
// ["systemd[1]: Starting Create final runtime dir for shutdown pivot root...
// ["systemd[1]: Starting Preprocess NFS configuration...
// ["systemd[1]: Starting Tell Plymouth To Write Out Runtime Data...
// ["systemd[1]: Condition check resulted in Store a System Token in an EFI Variable being skipped.
// ["systemd[1]: Condition check resulted in Commit a transient machine-id on disk being skipped.
// ["systemd[1]: Starting Create Volatile Files and Directories...
// ["systemd[1]: Finished Set console font and keymap.
// ["systemd[1]: Finished Create final runtime dir for shutdown pivot root.
// ["systemd[1]: nfs-config.service: Succeeded.
// ["systemd[1]: Finished Preprocess NFS configuration.
// ["systemd[1]: Condition check resulted in RPC security service for NFS client and server being skipped.
// ["systemd[1]: Reached target NFS client services.
// ["apparmor.systemd[912]: Restarting AppArmor
// ["kernel: [    0.122654] pid_max: default: 32768 minimum: 301
// ["apparmor.systemd[912]: Reloading AppArmor profiles
// ["kernel: [    0.126645] LSM: Security Framework initializing
// ["kernel: [    0.126645] Yama: becoming mindful.
// ["kernel: [    0.126645] AppArmor: AppArmor initialized
// ["kernel: [    0.126645] Mount-cache hash table entries: 16384 (order: 5, 131072 bytes, linear)
// ["kernel: [    0.126645] Mountpoint-cache hash table entries: 16384 (order: 5, 131072 bytes, linear)
// ["kernel: [    0.126645] x86/cpu: User Mode Instruction Prevention (UMIP) activated
// ["apparmor.systemd[929]: Skipping profile in /etc/apparmor.d/disable: usr.bin.firefox
// ["kernel: [    0.126645] mce: CPU0: Thermal monitoring enabled (TM1)
// ["kernel: [    0.126645] process: using mwait in idle threads
// ["kernel: [    0.126645] Last level iTLB entries: 4KB 0, 2MB 0, 4MB 0
// ["kernel: [    0.126645] Last level dTLB entries: 4KB 0, 2MB 0, 4MB 0, 1GB 0
// ["kernel: [    0.126645] Spectre V1 : Mitigation: usercopy/swapgs barriers and __user pointer sanitization
// ["kernel: [    0.126645] Spectre V2 : Mitigation: Enhanced IBRS
// ["apparmor.systemd[930]: Skipping profile in /etc/apparmor.d/disable: usr.sbin.rsyslogd
// ["kernel: [    0.126645] Spectre V2 : Spectre v2 / SpectreRSB mitigation: Filling RSB on context switch
// ["kernel: [    0.126645] Spectre V2 : mitigation: Enabling conditional Indirect Branch Prediction Barrier
// ["kernel: [    0.126645] Speculative Store Bypass: Mitigation: Speculative Store Bypass disabled via prctl and seccomp
// ["systemd[1]: Received SIGRTMIN+20 from PID 317 (plymouthd).
// ["kernel: [    0.126645] Freeing SMP alternatives memory: 40K
// ["kernel: [    0.126645] smpboot: CPU0: Intel(R) Core(TM) i5-1035G7 CPU @ 1.20GHz (family: 0x6, model: 0x7e, stepping: 0x5)
// ["kernel: [    0.126645] Performance Events: PEBS fmt4+-baseline,  AnyThread deprecated, Icelake events, 32-deep LBR, full-width counters, Intel PMU driver.
// ["kernel: [    0.126645] ... version:                5
// ["systemd[1]: plymouth-read-write.service: Succeeded.
// ["kernel: [    0.126645] ... bit width:              48
// ["kernel: [    0.126645] ... generic registers:      8
// ["kernel: [    0.126645] ... value mask:             0000ffffffffffff
// ["kernel: [    0.126645] ... max period:             00007fffffffffff
// ["kernel: [    0.126645] ... fixed-purpose events:   4
// ["systemd[1]: Finished Tell Plymouth To Write Out Runtime Data.
// ["kernel: [    0.126645] ... event mask:             0001000f000000ff
// ["kernel: [    0.126645] rcu: Hierarchical SRCU implementation.
// ["kernel: [    0.126645] NMI watchdog: Enabled. Permanently consumes one hw-PMU counter.
// ["kernel: [    0.126645] smp: Bringing up secondary CPUs ...
// ["systemd[1]: Starting Tell Plymouth To Write Out Runtime Data...
// ["kernel: [    0.126645] x86: Booting SMP configuration:
// ["kernel: [    0.126645] .... node  #0, CPUs:      #1 #2 #3 #4 #5 #6 #7
// ["kernel: [    0.159756] smp: Brought up 1 node, 8 CPUs
// ["systemd[1]: Starting Show Plymouth Boot Screen...
// ["kernel: [    0.159756] smpboot: Max logical packages: 1
// ["kernel: [    0.159756] smpboot: Total of 8 processors activated (23961.60 BogoMIPS)
// ["kernel: [    0.163098] devtmpfs: initialized
// ["kernel: [    0.163098] x86/mm: Memory block size: 128MB
// ["kernel: [    0.163662] PM: Registering ACPI NVS region [mem 0x7a832000-0x7a832fff] (4096 bytes)
// ["kernel: [    0.163662] PM: Registering ACPI NVS region [mem 0x7bb8a000-0x7bbb3fff] (172032 bytes)
// ["systemd[1]: Condition check resulted in Set Up Additional Binary Formats being skipped.
// ["kernel: [    0.163662] clocksource: jiffies: mask: 0xffffffff max_cycles: 0xffffffff, max_idle_ns: 7645041785100000 ns
// ["kernel: [    0.163662] futex hash table entries: 2048 (order: 5, 131072 bytes, linear)
// ["kernel: [    0.163662] pinctrl core: initialized pinctrl subsystem
// ["systemd[1]: Condition check resulted in Store a System Token in an EFI Variable being skipped.
// ["kernel: [    0.163662] PM: RTC time: 15:47:11, date: 2021-01-16
// ["kernel: [    0.163662] NET: Registered protocol family 16
// ["kernel: [    0.163662] DMA: preallocated 1024 KiB GFP_KERNEL pool for atomic allocations
// ["systemd[1]: Condition check resulted in Rebuild Hardware Database being skipped.
// ["kernel: [    0.163662] DMA: preallocated 1024 KiB GFP_KERNEL|GFP_DMA pool for atomic allocations
// ["kernel: [    0.163662] DMA: preallocated 1024 KiB GFP_KERNEL|GFP_DMA32 pool for atomic allocations
// ["kernel: [    0.163662] audit: initializing netlink subsys (disabled)
// ["kernel: [    0.163662] audit: type=2000 audit(1610812031.040:1): state=initialized audit_enabled=0 res=1
// ["systemd[1]: Condition check resulted in Commit a transient machine-id on disk being skipped.
// ["kernel: [    0.163662] thermal_sys: Registered thermal governor 'fair_share'
// ["kernel: [    0.163662] thermal_sys: Registered thermal governor 'bang_bang'
// ["kernel: [    0.163662] thermal_sys: Registered thermal governor 'step_wise'
// ["systemd[1]: Condition check resulted in Platform Persistent Storage Archival being skipped.
// ["kernel: [    0.163662] thermal_sys: Registered thermal governor 'user_space'
// ["kernel: [    0.163662] thermal_sys: Registered thermal governor 'power_allocator'
// ["kernel: [    0.163662] EISA bus registered
// ["kernel: [    0.163662] cpuidle: using governor ladder
// ["kernel: [    0.163662] cpuidle: using governor menu
// ["kernel: [    0.163662] ACPI: bus type PCI registered
// ["systemd[1]: Finished Create Volatile Files and Directories.
// ["kernel: [    0.163662] acpiphp: ACPI Hot Plug PCI Controller Driver version: 0.5
// ["kernel: [    0.163662] PCI: MMCONFIG for domain 0000 [bus 00-ff] at [mem 0xe0000000-0xefffffff] (base 0xe0000000)
// ["kernel: [    0.163662] PCI: not using MMCONFIG
// ["kernel: [    0.163662] PCI: Using configuration type 1 for base access
// ["systemd[1]: Starting RPC bind portmap service...
// ["kernel: [    0.167133] ENERGY_PERF_BIAS: Set to 'normal', was 'performance'
// ["kernel: [    0.168646] HugeTLB registered 1.00 GiB page size, pre-allocated 0 pages
// ["systemd[1]: Starting Network Name Resolution...
// ["kernel: [    0.168646] HugeTLB registered 2.00 MiB page size, pre-allocated 0 pages
// ["kernel: [    0.170794] ACPI: Added _OSI(Module Device)
// ["kernel: [    0.170795] ACPI: Added _OSI(Processor Device)
// ["kernel: [    0.170797] ACPI: Added _OSI(3.0 _SCP Extensions)
// ["kernel: [    0.170798] ACPI: Added _OSI(Processor Aggregator Device)
// ["kernel: [    0.170800] ACPI: Added _OSI(Linux-Dell-Video)
// ["systemd[1]: Starting Network Time Synchronization...
// ["kernel: [    0.170802] ACPI: Added _OSI(Linux-Lenovo-NV-HDMI-Audio)
// ["kernel: [    0.170804] ACPI: Added _OSI(Linux-HPI-Hybrid-Graphics)
// ["systemd[1]: Starting Update UTMP about System Boot/Shutdown...
// ["kernel: [    0.251203] ACPI: 9 ACPI AML tables successfully acquired and loaded
// ["kernel: [    0.265793] ACPI: Dynamic OEM Table Load:
// ["kernel: [    0.265809] ACPI: SSDT 0xFFFF901281072C00 0000F4 (v02 PmRef  Cpu0Psd  00003000 INTL 20181003)
// ["kernel: [    0.268047] ACPI: \_SB_.PR00: _OSC native thermal LVT Acked
// ["kernel: [    0.269579] ACPI: Dynamic OEM Table Load:
// ["systemd[1]: plymouth-start.service: Succeeded.
// ["kernel: [    0.269589] ACPI: SSDT 0xFFFF901281078400 000394 (v02 PmRef  Cpu0Cst  00003001 INTL 20181003)
// ["kernel: [    0.271956] ACPI: Dynamic OEM Table Load:
// ["kernel: [    0.271964] ACPI: SSDT 0xFFFF901280C0B800 000437 (v02 PmRef  Cpu0Ist  00003000 INTL 20181003)
// ["kernel: [    0.274467] ACPI: Dynamic OEM Table Load:
// ["systemd[1]: Started Show Plymouth Boot Screen.
// ["kernel: [    0.274475] ACPI: SSDT 0xFFFF901281066C00 00012C (v02 PmRef  Cpu0Hwp  00003000 INTL 20181003)
// ["kernel: [    0.276663] ACPI: Dynamic OEM Table Load:
// ["kernel: [    0.276673] ACPI: SSDT 0xFFFF901280C0B000 000724 (v02 PmRef  HwpLvt   00003000 INTL 20181003)
// ["kernel: [    0.279416] ACPI: Dynamic OEM Table Load:
// ["kernel: [    0.279425] ACPI: SSDT 0xFFFF901280C0C800 0005FC (v02 PmRef  ApIst    00003000 INTL 20181003)
// ["systemd[1]: plymouth-read-write.service: Succeeded.
// ["kernel: [    0.281978] ACPI: Dynamic OEM Table Load:
// ["kernel: [    0.281986] ACPI: SSDT 0xFFFF901281079000 000317 (v02 PmRef  ApHwp    00003000 INTL 20181003)
// ["kernel: [    0.284512] ACPI: Dynamic OEM Table Load:
// ["kernel: [    0.284521] ACPI: SSDT 0xFFFF901281080000 000AB0 (v02 PmRef  ApPsd    00003000 INTL 20181003)
// ["systemd[1]: Finished Tell Plymouth To Write Out Runtime Data.
// ["systemd[1]: Received SIGRTMIN+20 from PID 317 (plymouthd).
// ["kernel: [    0.288076] ACPI: Dynamic OEM Table Load:
// ["kernel: [    0.288085] ACPI: SSDT 0xFFFF90128107B400 00030A (v02 PmRef  ApCst    00003000 INTL 20181003)
// ["kernel: [    0.295949] ACPI: Interpreter enabled
// ["kernel: [    0.296040] ACPI: (supports S0 S4 S5)
// ["systemd[1]: Condition check resulted in Dispatch Password Requests to Console Directory Watch being skipped.
// ["kernel: [    0.296041] ACPI: Using IOAPIC for interrupt routing
// ["kernel: [    0.296111] PCI: MMCONFIG for domain 0000 [bus 00-ff] at [mem 0xe0000000-0xefffffff] (base 0xe0000000)
// ["systemd[1]: Finished Update UTMP about System Boot/Shutdown.
// ["kernel: [    0.297397] PCI: MMCONFIG at [mem 0xe0000000-0xefffffff] reserved in ACPI motherboard resources
// ["kernel: [    0.297420] PCI: Using host bridge windows from ACPI; if necessary, use "pci=nocrs" and report a bug
// ["kernel: [    0.298262] ACPI: Enabled 8 GPEs in block 00 to 7F
// ["kernel: [    0.320427] ACPI: Power Resource [V0PR] (on)
// ["kernel: [    0.320732] ACPI: Power Resource [V1PR] (on)
// ["systemd[1]: Started RPC bind portmap service.
// ["kernel: [    0.321032] ACPI: Power Resource [V2PR] (on)
// ["kernel: [    0.323767] ACPI: Power Resource [WRST] (on)
// ["kernel: [    0.324128] ACPI: Power Resource [TBT0] (on)
// ["kernel: [    0.324200] ACPI: Power Resource [TBT1] (on)
// ["systemd[1]: Reached target Remote File Systems (Pre).
// ["kernel: [    0.324267] ACPI: Power Resource [D3C] (on)
// ["kernel: [    0.341632] ACPI: Power Resource [PIN] (off)
// ["kernel: [    0.342592] ACPI: PCI Root Bridge [PCI0] (domain 0000 [bus 00-fe])
// ["kernel: [    0.342601] acpi PNP0A08:00: _OSC: OS supports [ExtendedConfig ASPM ClockPM Segments MSI HPX-Type3]
// ["systemd[1]: Reached target Remote File Systems.
// ["kernel: [    0.354763] acpi PNP0A08:00: _OSC: OS now controls [PCIeHotplug SHPCHotplug PME AER PCIeCapability LTR]
// ["kernel: [    0.361429] PCI host bridge to bus 0000:00
// ["kernel: [    0.361433] pci_bus 0000:00: root bus resource [io  0x0000-0x0cf7 window]
// ["kernel: [    0.361435] pci_bus 0000:00: root bus resource [io  0x0d00-0xffff window]
// ["systemd[1]: Reached target RPC Port Mapper.
// ["kernel: [    0.361437] pci_bus 0000:00: root bus resource [mem 0x000a0000-0x000bffff window]
// ["kernel: [    0.361439] pci_bus 0000:00: root bus resource [mem 0x000c0000-0x000c3fff window]
// ["kernel: [    0.361440] pci_bus 0000:00: root bus resource [mem 0x000c4000-0x000c7fff window]
// ["systemd[1]: Finished Load AppArmor profiles.
// ["systemd[1]: Starting Raise network interfaces...
// ["systemd[1]: Starting Load AppArmor profiles managed internally by snapd...
// ["systemd[1]: Finished Raise network interfaces.
// ["systemd[1]: Started Network Time Synchronization.
// ["systemd[1]: Reached target System Time Set.
// ["systemd[1]: Reached target System Time Synchronized.
// ["systemd-resolved[948]: Positive Trust Anchors:
// ["systemd-resolved[948]: . IN DS 20326 8 2 e06d44b80b8f1d39a95c0b0d7c65d08458e880409bbc683457104237c7f8ec8d
// ["systemd-resolved[948]: Negative trust anchors: 10.in-addr.arpa 16.172.in-addr.arpa 17.172.in-addr.arpa 18.172.in-addr.arpa 19.172.in-addr.arpa 20.172.in-addr.arpa 21.172.in-addr.arpa 22.172.in-addr.arpa 23.172.in-addr.arpa 24.172.in-addr.arpa 25.172.in-addr.arpa 26.172.in-addr.arpa 27.172.in-addr.arpa 28.172.in-addr.arpa 29.172.in-addr.arpa 30.172.in-addr.arpa 31.172.in-addr.arpa 168.192.in-addr.arpa d.f.ip6.arpa corp home internal intranet lan local private test
// ["systemd-resolved[948]: Using system hostname 'surface'.
// ["systemd[1]: Started Network Name Resolution.
// ["systemd[1]: Reached target Host and Network Name Lookups.
// ["systemd[1]: Finished Load AppArmor profiles managed internally by snapd.
// ["systemd[1]: Reached target System Initialization.
// ["systemd[1]: Started ACPI Events Check.
// ["systemd[1]: Started CUPS Scheduler.
// ["systemd[1]: Started Trigger anacron every hour.
// ["kernel: [    0.361442] pci_bus 0000:00: root bus resource [mem 0x000c8000-0x000cbfff window]
// ["kernel: [    0.361443] pci_bus 0000:00: root bus resource [mem 0x000cc000-0x000cffff window]
// ["kernel: [    0.361445] pci_bus 0000:00: root bus resource [mem 0x000d0000-0x000d3fff window]
// [kernel: [    0.361446] pci_bus 0000:00: root bus resource [mem 0x000d4000-0x000d7fff window]
// [kernel: [    0.361448] pci_bus 0000:00: root bus resource [mem 0x000d8000-0x000dbfff window]
// [systemd[1]: Started Daily apt download activities.
// [kernel: [    0.361449] pci_bus 0000:00: root bus resource [mem 0x000dc000-0x000dffff window]
// [systemd[1]: Started Daily apt upgrade and clean activities.
// [kernel: [    0.361451] pci_bus 0000:00: root bus resource [mem 0x000e0000-0x000e3fff window]
// [kernel: [    0.361452] pci_bus 0000:00: root bus resource [mem 0x000e4000-0x000e7fff window]
// [kernel: [    0.361454] pci_bus 0000:00: root bus resource [mem 0x000e8000-0x000ebfff window]
// [kernel: [    0.361455] pci_bus 0000:00: root bus resource [mem 0x000ec000-0x000effff window]
// [kernel: [    0.361457] pci_bus 0000:00: root bus resource [mem 0x000f0000-0x000fffff window]
// [systemd[1]: Started Periodic ext4 Online Metadata Check for All Filesystems.
// [kernel: [    0.361459] pci_bus 0000:00: root bus resource [mem 0x95400000-0xdfffffff window]
// [systemd[1]: Started Discard unused blocks once a week.
// [kernel: [    0.361460] pci_bus 0000:00: root bus resource [mem 0x4000000000-0x7fffffffff window]
// [kernel: [    0.361462] pci_bus 0000:00: root bus resource [bus 00-fe]
// [kernel: [    0.361535] pci 0000:00:00.0: [8086:8a12] type 00 class 0x060000
// [kernel: [    0.364021] pci 0000:00:02.0: [8086:8a52] type 00 class 0x030000
// [kernel: [    0.364038] pci 0000:00:02.0: reg 0x10: [mem 0x6000000000-0x6000ffffff 64bit]
// [kernel: [    0.364049] pci 0000:00:02.0: reg 0x18: [mem 0x4000000000-0x400fffffff 64bit pref]
// [systemd[1]: Started Refresh fwupd metadata regularly.
// [kernel: [    0.364056] pci 0000:00:02.0: reg 0x20: [io  0x3000-0x303f]
// [kernel: [    0.364086] pci 0000:00:02.0: BAR 2: assigned to efifb
// [kernel: [    0.364088] pci 0000:00:02.0: DMAR: Skip IOMMU disabling for graphics
// [kernel: [    0.366305] pci 0000:00:04.0: [8086:8a03] type 00 class 0x118000
// [systemd[1]: Started Daily rotation of log files.
// [kernel: [    0.366330] pci 0000:00:04.0: reg 0x10: [mem 0x6001120000-0x600112ffff 64bit]
// [kernel: [    0.368666] pci 0000:00:0d.0: [8086:8a13] type 00 class 0x0c0330
// [kernel: [    0.368686] pci 0000:00:0d.0: reg 0x10: [mem 0x6001110000-0x600111ffff 64bit]
// [systemd[1]: Started Daily man-db regeneration.
// [kernel: [    0.368766] pci 0000:00:0d.0: PME# supported from D3hot D3cold
// [systemd[1]: Started Message of the Day.
// [systemd[1]: Condition check resulted in Timer to automatically fetch and run repair assertions being skipped.
// [kernel: [    0.371062] pci 0000:00:14.0: [8086:34ed] type 00 class 0x0c0330
// [kernel: [    0.371110] pci 0000:00:14.0: reg 0x10: [mem 0x6001100000-0x600110ffff 64bit]
// [kernel: [    0.371245] pci 0000:00:14.0: PME# supported from D3hot D3cold
// [kernel: [    0.373483] pci 0000:00:14.2: [8086:34ef] type 00 class 0x050000
// [systemd[1]: Started Daily Cleanup of Temporary Directories.
// [kernel: [    0.373531] pci 0000:00:14.2: reg 0x10: [mem 0x6001138000-0x6001139fff 64bit]
// [systemd[1]: Reached target Paths.
// [kernel: [    0.373553] pci 0000:00:14.2: reg 0x18: [mem 0x6001140000-0x6001140fff 64bit]
// [kernel: [    0.375906] pci 0000:00:14.3: [8086:34f0] type 00 class 0x028000
// [kernel: [    0.376003] pci 0000:00:14.3: reg 0x10: [mem 0x6001134000-0x6001137fff 64bit]
// [kernel: [    0.376313] pci 0000:00:14.3: PME# supported from D0 D3hot D3cold
// [kernel: [    0.378709] pci 0000:00:15.0: [8086:34e8] type 00 class 0x0c8000
// [kernel: [    0.378810] pci 0000:00:15.0: reg 0x10: [mem 0x00000000-0x00000fff 64bit]
// [kernel: [    0.381387] pci 0000:00:15.1: [8086:34e9] type 00 class 0x0c8000
// [kernel: [    0.381490] pci 0000:00:15.1: reg 0x10: [mem 0x00000000-0x00000fff 64bit]
// [systemd[1]: Reached target Timers.
// [kernel: [    0.384066] pci 0000:00:16.0: [8086:34e0] type 00 class 0x078000
// [kernel: [    0.384115] pci 0000:00:16.0: reg 0x10: [mem 0x600113d000-0x600113dfff 64bit]
// [kernel: [    0.384258] pci 0000:00:16.0: PME# supported from D3hot
// [kernel: [    0.386528] pci 0000:00:16.4: [8086:34e4] type 00 class 0x078000
// [kernel: [    0.386563] pci 0000:00:16.4: reg 0x10: [mem 0x600113c000-0x600113cfff 64bit]
// [kernel: [    0.386725] pci 0000:00:16.4: PME# supported from D3hot
// [systemd[1]: Listening on ACPID Listen Socket.
// [kernel: [    0.389021] pci 0000:00:19.0: [8086:34c5] type 00 class 0x0c8000
// [kernel: [    0.389125] pci 0000:00:19.0: reg 0x10: [mem 0x00000000-0x00000fff 64bit]
// [kernel: [    0.391664] pci 0000:00:1d.0: [8086:34b0] type 01 class 0x060400
// [kernel: [    0.391856] pci 0000:00:1d.0: PME# supported from D0 D3hot D3cold
// [kernel: [    0.391920] pci 0000:00:1d.0: PTM enabled (root), 4ns granularity
// [systemd[1]: Listening on Avahi mDNS/DNS-SD Stack Activation Socket.
// [kernel: [    0.394348] pci 0000:00:1e.0: [8086:34a8] type 00 class 0x078000
// [kernel: [    0.394448] pci 0000:00:1e.0: reg 0x10: [mem 0x00000000-0x00000fff 64bit]
// [kernel: [    0.397106] pci 0000:00:1f.0: [8086:3482] type 00 class 0x060100
// [kernel: [    0.399509] pci 0000:00:1f.3: [8086:34c8] type 00 class 0x040380
// [systemd[1]: Listening on CUPS Scheduler.
// [kernel: [    0.399593] pci 0000:00:1f.3: reg 0x10: [mem 0x6001130000-0x6001133fff 64bit]
// [kernel: [    0.399678] pci 0000:00:1f.3: reg 0x20: [mem 0x6001000000-0x60010fffff 64bit]
// [kernel: [    0.399867] pci 0000:00:1f.3: PME# supported from D3hot D3cold
// [systemd[1]: Listening on D-Bus System Message Bus Socket.
// [kernel: [    0.402173] pci 0000:00:1f.5: [8086:34a4] type 00 class 0x0c8000
// [kernel: [    0.402202] pci 0000:00:1f.5: reg 0x10: [mem 0xfe010000-0xfe010fff]
// [kernel: [    0.404561] pci 0000:01:00.0: [1c5c:1327] type 00 class 0x010802
// [kernel: [    0.404593] pci 0000:01:00.0: reg 0x10: [mem 0x95400000-0x95403fff 64bit]
// [kernel: [    0.404796] pci 0000:01:00.0: supports D1
// [kernel: [    0.404798] pci 0000:01:00.0: PME# supported from D0 D1 D3hot
// [systemd[1]: Starting Socket activation for snappy daemon.
// [systemd[1]: Listening on UUID daemon activation socket.
// [kernel: [    0.405016] pci 0000:00:1d.0: PCI bridge to [bus 01]
// [kernel: [    0.405027] pci 0000:00:1d.0:   bridge window [mem 0x95400000-0x954fffff]
// [kernel: [    0.494756] iommu: Default domain type: Translated
// [kernel: [    0.494756] pci 0000:00:02.0: vgaarb: setting as boot VGA device
// [kernel: [    0.494756] pci 0000:00:02.0: vgaarb: VGA device added: decodes=io+mem,owns=io+mem,locks=none
// [systemd[1]: Listening on Socket activation for snappy daemon.
// [kernel: [    0.494756] pci 0000:00:02.0: vgaarb: bridge control possible
// [kernel: [    0.494756] vgaarb: loaded
// [systemd[1]: Reached target Sockets.
// [kernel: [    0.494906] SCSI subsystem initialized
// [kernel: [    0.498660] libata version 3.00 loaded.
// [kernel: [    0.498681] ACPI: bus type USB registered
// [kernel: [    0.498697] usbcore: registered new interface driver usbfs
// [kernel: [    0.498707] usbcore: registered new interface driver hub
// [kernel: [    0.498737] usbcore: registered new device driver usb
// [systemd[1]: Reached target Basic System.
// [kernel: [    0.498756] pps_core: LinuxPPS API ver. 1 registered
// [kernel: [    0.498757] pps_core: Software ver. 5.3.6 - Copyright 2005-2007 Rodolfo Giometti <giometti@linux.it>
// [kernel: [    0.498760] PTP clock support registered
// [systemd[1]: Starting Accounts Service...
// [kernel: [    0.498787] EDAC MC: Ver: 3.0.0
// [kernel: [    0.499035] Registered efivars operations
// [kernel: [    0.499035] NetLabel: Initializing
// [systemd[1]: Started ACPI event daemon.
// [kernel: [    0.499035] NetLabel:  domain hash size = 128
// [kernel: [    0.499035] NetLabel:  protocols = UNLABELED CIPSOv4 CALIPSO
// [kernel: [    0.499035] NetLabel:  unlabeled traffic allowed by default
// [kernel: [    0.499035] PCI: Using ACPI for IRQ routing
// [kernel: [    0.530850] PCI: pci_cache_line_size set to 64 bytes
// [kernel: [    0.531059] pci 0000:00:1f.5: can't claim BAR 0 [mem 0xfe010000-0xfe010fff]: no compatible bridge window
// [systemd[1]: Condition check resulted in Manage Sound Card State (restore and store) being skipped.
// [kernel: [    0.531261] e820: reserve RAM buffer [mem 0x7834c000-0x7bffffff]
// [kernel: [    0.531264] e820: reserve RAM buffer [mem 0x78a93000-0x7bffffff]
// [kernel: [    0.531266] e820: reserve RAM buffer [mem 0x7a832000-0x7bffffff]
// [kernel: [    0.531268] e820: reserve RAM buffer [mem 0x7bae2000-0x7bffffff]
// [systemd[1]: Starting Save/Restore Sound Card State...
// [kernel: [    0.531270] e820: reserve RAM buffer [mem 0x7bc00000-0x7bffffff]
// [kernel: [    0.531271] e820: reserve RAM buffer [mem 0x26ac00000-0x26bffffff]
// [kernel: [    0.535916] clocksource: Switched to clocksource tsc-early
// [kernel: [    0.552930] VFS: Disk quotas dquot_6.6.0
// [systemd[1]: Started Run anacron jobs.
// [kernel: [    0.552954] VFS: Dquot-cache hash table entries: 512 (order 0, 4096 bytes)
// [kernel: [    0.553097] AppArmor: AppArmor Filesystem Enabled
// [kernel: [    0.553137] pnp: PnP ACPI init
// [kernel: [    0.553590] system 00:00: [io  0x0680-0x069f] has been reserved
// [kernel: [    0.553593] system 00:00: [io  0x164e-0x164f] has been reserved
// [systemd[1]: Starting LSB: automatic crash report generation...
// [kernel: [    0.553601] system 00:00: Plug and Play ACPI device, IDs PNP0c02 (active)
// [kernel: [    0.553685] pnp 00:01: Plug and Play ACPI device, IDs PNP0b00 (active)
// [kernel: [    0.553862] system 00:02: [io  0x1854-0x1857] has been reserved
// [kernel: [    0.553867] system 00:02: Plug and Play ACPI device, IDs INT3f0d PNP0c02 (active)
// [anacron[1080]: Anacron 2.3 started on 2021-01-16
// [kernel: [    0.554488] system 00:03: [mem 0xfed10000-0xfed17fff] has been reserved
// [kernel: [    0.554491] system 00:03: [mem 0xfeda0000-0xfeda0fff] has been reserved
// [systemd[1]: Starting Avahi mDNS/DNS-SD Stack...
// [kernel: [    0.554493] system 00:03: [mem 0xfeda1000-0xfeda1fff] has been reserved
// [kernel: [    0.554495] system 00:03: [mem 0xe0000000-0xefffffff] has been reserved
// [kernel: [    0.554497] system 00:03: [mem 0xfed20000-0xfed7ffff] could not be reserved
// [kernel: [    0.554499] system 00:03: [mem 0xfed90000-0xfed93fff] could not be reserved
// [systemd[1]: Started Regular background program processing daemon.
// [systemd[1]: Started CUPS Scheduler.
// [systemd[1]: Started D-Bus System Message Bus.
// [anacron[1080]: Will run job `cron.daily' in 5 min.
// [anacron[1080]: Jobs will be executed sequentially
// [cron[1084]: (CRON) INFO (pidfile fd = 3)
// [systemd[1]: Starting Network Manager...
// [cron[1084]: (CRON) INFO (Running @reboot jobs)
// [systemd[1]: Started Save initial kernel messages after boot.
// [systemd[1]: Starting Remove Stale Online ext4 Metadata Check Snapshots...
// [systemd[1]: Condition check resulted in getty on tty2-tty6 if dbus and logind are not available being skipped.
// [avahi-daemon[1082]: Found user 'avahi' (UID 116) and group 'avahi' (GID 123).
// [systemd[1]: Starting Detect the available GPUs and deal with any system changes...
// [systemd[1]: Starting LSB: Record successful boot for GRUB...
// [systemd[1]: Starting GRUB failed boot detection...
// [systemd[1]: Started Intel Precise Touch & Stylus Daemon.
// [systemd[1]: Started irqbalance daemon.
// [systemd[1]: Starting Dispatcher daemon for systemd-networkd...
// [kernel: [    0.554501] system 00:03: [mem 0xfee00000-0xfeefffff] has been reserved
// [kernel: [    0.554506] system 00:03: Plug and Play ACPI device, IDs PNP0c02 (active)
// [kernel: [    0.555607] system 00:04: [io  0x1800-0x18fe] could not be reserved
// [systemd[1]: Starting LSB: Kernel NFS server support...
// [kernel: [    0.555610] system 00:04: [mem 0xfd000000-0xfd68ffff] has been reserved
// [kernel: [    0.555612] system 00:04: [mem 0xfd6b0000-0xfd6cffff] has been reserved
// [kernel: [    0.555613] system 00:04: [mem 0xfd6f0000-0xfdffffff] has been reserved
// [kernel: [    0.555616] system 00:04: [mem 0xfe000000-0xfe01ffff] could not be reserved
// [kernel: [    0.555617] system 00:04: [mem 0xfe200000-0xfe7fffff] has been reserved
// [kernel: [    0.555619] system 00:04: [mem 0xff000000-0xffffffff] has been reserved
// [systemd[1]: Started Set the CPU Frequency Scaling governor.
// [kernel: [    0.555624] system 00:04: Plug and Play ACPI device, IDs PNP0c02 (active)
// [kernel: [    0.556133] system 00:05: [io  0x2000-0x20fe] has been reserved
// [kernel: [    0.556138] system 00:05: Plug and Play ACPI device, IDs PNP0c02 (active)
// [kernel: [    0.556507] system 00:06: [mem 0xfe038000-0xfe038fff] has been reserved
// [kernel: [    0.556512] system 00:06: Plug and Play ACPI device, IDs PNP0c02 (active)
// [systemd[1]: Starting Authorization Manager...
// [kernel: [    0.557455] pnp: PnP ACPI: found 7 devices
// [kernel: [    0.563735] clocksource: acpi_pm: mask: 0xffffff max_cycles: 0xffffff, max_idle_ns: 2085701024 ns
// [systemd[1]: Starting Restore /etc/resolv.conf if the system crashed before the ppp link was shut down...
// [kernel: [    0.563819] NET: Registered protocol family 2
// [kernel: [    0.564075] tcp_listen_portaddr_hash hash table entries: 4096 (order: 4, 65536 bytes, linear)
// [kernel: [    0.564144] TCP established hash table entries: 65536 (order: 7, 524288 bytes, linear)
// [kernel: [    0.564395] TCP bind hash table entries: 65536 (order: 8, 1048576 bytes, linear)
// [kernel: [    0.564505] TCP: Hash tables configured (established 65536 bind 65536)
// [kernel: [    0.564596] MPTCP token hash table entries: 8192 (order: 5, 196608 bytes, linear)
// [systemd[1]: Starting System Logging Service...
// [kernel: [    0.564645] UDP hash table entries: 4096 (order: 5, 131072 bytes, linear)
// [kernel: [    0.564678] UDP-Lite hash table entries: 4096 (order: 5, 131072 bytes, linear)
// [systemd[1]: Condition check resulted in Secure Boot updates for DB and DBX being skipped.
// [kernel: [    0.564745] NET: Registered protocol family 1
// [kernel: [    0.564752] NET: Registered protocol family 44
// [kernel: [    0.564778] pci 0000:00:15.0: BAR 0: assigned [mem 0x4010000000-0x4010000fff 64bit]
// [kernel: [    0.564860] pci 0000:00:15.1: BAR 0: assigned [mem 0x4010001000-0x4010001fff 64bit]
// [kernel: [    0.564940] pci 0000:00:19.0: BAR 0: assigned [mem 0x4010002000-0x4010002fff 64bit]
// [kernel: [    0.565018] pci 0000:00:1e.0: BAR 0: assigned [mem 0x4010003000-0x4010003fff 64bit]
// [kernel: [    0.565097] pci 0000:00:1f.5: BAR 0: assigned [mem 0x95500000-0x95500fff]
// [kernel: [    0.565125] pci 0000:00:1d.0: PCI bridge to [bus 01]
// [kernel: [    0.565147] pci 0000:00:1d.0:   bridge window [mem 0x95400000-0x954fffff]
// [kernel: [    0.565162] pci_bus 0000:00: resource 4 [io  0x0000-0x0cf7 window]
// [kernel: [    0.565163] pci_bus 0000:00: resource 5 [io  0x0d00-0xffff window]
// [systemd[1]: Condition check resulted in Automatically repair incorrect owner/permissions on core devices being skipped.
// [kernel: [    0.565165] pci_bus 0000:00: resource 6 [mem 0x000a0000-0x000bffff window]
// [kernel: [    0.565167] pci_bus 0000:00: resource 7 [mem 0x000c0000-0x000c3fff window]
// [kernel: [    0.565169] pci_bus 0000:00: resource 8 [mem 0x000c4000-0x000c7fff window]
// [systemd[1]: Condition check resulted in Wait for the Ubuntu Core chooser trigger being skipped.
// [kernel: [    0.565170] pci_bus 0000:00: resource 9 [mem 0x000c8000-0x000cbfff window]
// [kernel: [    0.565172] pci_bus 0000:00: resource 10 [mem 0x000cc000-0x000cffff window]
// [kernel: [    0.565174] pci_bus 0000:00: resource 11 [mem 0x000d0000-0x000d3fff window]
// [systemd[1]: Starting Snap Daemon...
// [kernel: [    0.565175] pci_bus 0000:00: resource 12 [mem 0x000d4000-0x000d7fff window]
// [kernel: [    0.565177] pci_bus 0000:00: resource 13 [mem 0x000d8000-0x000dbfff window]
// [kernel: [    0.565179] pci_bus 0000:00: resource 14 [mem 0x000dc000-0x000dffff window]
// [kernel: [    0.565180] pci_bus 0000:00: resource 15 [mem 0x000e0000-0x000e3fff window]
// [kernel: [    0.565182] pci_bus 0000:00: resource 16 [mem 0x000e4000-0x000e7fff window]
// [systemd[1]: Starting Resets System Activity Data Collector...
// [kernel: [    0.565184] pci_bus 0000:00: resource 17 [mem 0x000e8000-0x000ebfff window]
// [kernel: [    0.565185] pci_bus 0000:00: resource 18 [mem 0x000ec000-0x000effff window]
// [systemd[1]: Starting Login Service...
// [kernel: [    0.565187] pci_bus 0000:00: resource 19 [mem 0x000f0000-0x000fffff window]
// [kernel: [    0.565188] pci_bus 0000:00: resource 20 [mem 0x95400000-0xdfffffff window]
// [kernel: [    0.565190] pci_bus 0000:00: resource 21 [mem 0x4000000000-0x7fffffffff window]
// [kernel: [    0.565192] pci_bus 0000:01: resource 1 [mem 0x95400000-0x954fffff]
// [systemd[1]: Starting Thermal Daemon Service...
// [kernel: [    0.565449] pci 0000:00:02.0: Video device with shadowed ROM at [mem 0x000c0000-0x000dffff]
// [kernel: [    0.566421] PCI: CLS 0 bytes, default 64
// [systemd[1]: Starting Disk Manager...
// [kernel: [    0.566474] Trying to unpack rootfs image as initramfs...
// [kernel: [    0.856189] Initramfs unpacking failed: Decoding failed
// [kernel: [    0.856203] fbcon: Taking over console
// [kernel: [    0.869291] Freeing initrd memory: 87392K
// [kernel: [    0.869403] PCI-DMA: Using software bounce buffering for IO (SWIOTLB)
// [kernel: [    0.869407] software IO TLB: mapped [mem 0x0000000073e0d000-0x0000000077e0d000] (64MB)
// [systemd[1]: Starting VirtualBox Linux kernel module...
// [kernel: [    0.869817] clocksource: tsc: mask: 0xffffffffffffffff max_cycles: 0x159647815e3, max_idle_ns: 440795269835 ns
// [systemd[1]: Starting WPA supplicant...
// [kernel: [    0.869840] clocksource: Switched to clocksource tsc
// [kernel: [    0.870014] check: Scanning for low memory corruption every 60 seconds
// [kernel: [    0.870767] Initialise system trusted keyrings
// [kernel: [    0.870783] Key type blacklist registered
// [systemd[1]: Started LSB: automatic crash report generation.
// [kernel: [    0.870828] workingset: timestamp_bits=36 max_order=21 bucket_order=0
// [kernel: [    0.872391] zbud: loaded
// [systemd[1]: Started LSB: Kernel NFS server support.
// [kernel: [    0.872750] squashfs: version 4.0 (2009/01/31) Phillip Lougher
// [kernel: [    0.872991] fuse: init (API version 7.32)
// [kernel: [    0.873207] integrity: Platform Keyring initialized
// [systemd[1]: pppd-dns.service: Succeeded.
// [kernel: [    0.892830] Key type asymmetric registered
// [kernel: [    0.892832] Asymmetric key parser 'x509' registered
// [kernel: [    0.892841] Block layer SCSI generic (bsg) driver version 0.4 loaded (major 243)
// [systemd[1]: Finished Restore /etc/resolv.conf if the system crashed before the ppp link was shut down.
// [kernel: [    0.892903] io scheduler mq-deadline registered
// [kernel: [    0.893580] pcieport 0000:00:1d.0: PME: Signaling with IRQ 122
// [kernel: [    0.893773] shpchp: Standard Hot Plug PCI Controller Driver version: 0.4
// [kernel: [    0.893849] efifb: probing for efifb
// [systemd[1]: Finished Resets System Activity Data Collector.
// [kernel: [    0.893871] efifb: showing boot graphics
// [kernel: [    0.895814] efifb: framebuffer at 0x4000000000, using 13256k, total 13254k
// [systemd[1]: e2scrub_reap.service: Succeeded.
// [kernel: [    0.895816] efifb: mode is 2256x1504x32, linelength=9024, pages=1
// [kernel: [    0.895817] efifb: scrolling: redraw
// [kernel: [    0.895819] efifb: Truecolor: size=8:8:8:8, shift=24:16:8:0
// [systemd[1]: Finished Remove Stale Online ext4 Metadata Check Snapshots.
// [kernel: [    0.895934] Console: switching to colour frame buffer device 141x47
// [kernel: [    0.904884] fb0: EFI VGA frame buffer device
// [kernel: [    0.904896] intel_idle: MWAIT substates: 0x11121020
// [kernel: [    0.905374] Monitor-Mwait will be used to enter C-1 state
// [avahi-daemon[1082]: Successfully dropped root privileges.
// [kernel: [    0.905406] Monitor-Mwait will be used to enter C-2 state
// [avahi-daemon[1082]: avahi-daemon 0.7 starting up.
// [kernel: [    0.905416] Monitor-Mwait will be used to enter C-3 state
// [kernel: [    0.905425] ACPI: \_SB_.PR00: Found 3 idle states
// [kernel: [    0.905427] intel_idle: v0.5.1 model 0x7E
// [kernel: [    0.905852] intel_idle: Local APIC timer is reliable in all C-states
// [kernel: [    0.906114] input: Lid Switch as /devices/LNXSYSTM:00/LNXSYBUS:00/PNP0C0D:00/input/input0
// [systemd[1]: Finished Save/Restore Sound Card State.
// [kernel: [    0.906146] ACPI: Lid Switch [LID0]
// [kernel: [    0.908918] [Firmware Bug]: No valid trip found
// [kernel: [    0.908999] [Firmware Bug]: No valid trip found
// [kernel: [    0.909075] [Firmware Bug]: No valid trip found
// [systemd[1]: grub-initrd-fallback.service: Succeeded.
// [kernel: [    0.909149] [Firmware Bug]: No valid trip found
// [kernel: [    0.909222] [Firmware Bug]: No valid trip found
// [kernel: [    0.909296] [Firmware Bug]: No valid trip found
// [systemd[1]: Finished GRUB failed boot detection.
// [kernel: [    0.909370] [Firmware Bug]: No valid trip found
// [systemd[1]: Reached target Sound Card.
// [kernel: [    0.909598] Serial: 8250/16550 driver, 32 ports, IRQ sharing enabled
// [kernel: [    0.914328] hpet_acpi_add: no address or irqs in _CRS
// [kernel: [    0.914405] Linux agpgart interface v0.103
// [kernel: [    0.926157] loop: module loaded
// [kernel: [    0.926521] libphy: Fixed MDIO Bus: probed
// [grub-common[1092]:  * Recording successful boot for GRUB
// [rsyslogd: imuxsock: Acquired UNIX socket '/run/systemd/journal/syslog' (fd 3) from systemd.  [v8.2001.0]
// [kernel: [    0.926523] tun: Universal TUN/TAP device driver, 1.6
// [kernel: [    0.926558] PPP generic driver version 2.4.2
// [kernel: [    0.926627] VFIO - User Level meta-driver version: 0.3
// [kernel: [    0.926787] ehci_hcd: USB 2.0 'Enhanced' Host Controller (EHCI) Driver
// [rsyslogd: rsyslogd's groupid changed to 110
// [kernel: [    0.926792] ehci-pci: EHCI PCI platform driver
// [kernel: [    0.926803] ehci-platform: EHCI generic platform driver
// [kernel: [    0.926818] ohci_hcd: USB 1.1 'Open' Host Controller (OHCI) Driver
// [kernel: [    0.926820] ohci-pci: OHCI PCI platform driver
// [kernel: [    0.926829] ohci-platform: OHCI generic platform driver
// [systemd[1]: Started System Logging Service.
// [kernel: [    0.926838] uhci_hcd: USB Universal Host Controller Interface driver
// [kernel: [    0.926882] i8042: PNP: No PS/2 controller found.
// [rsyslogd: rsyslogd's userid changed to 104
// [rsyslogd: [origin software="rsyslogd" swVersion="8.2001.0" x-pid="1116" x-info="https://www.rsyslog.com"] start
// [grub-common[1092]:    ...done.
// [kernel: [    0.927017] rtc_cmos 00:01: RTC can wake from S4
// [kernel: [    0.927625] rtc_cmos 00:01: registered as rtc0
// [kernel: [    0.927829] rtc_cmos 00:01: setting system clock to 2021-01-16T15:47:12 UTC (1610812032)
// [kernel: [    0.927849] rtc_cmos 00:01: alarms up to one month, y3k, 242 bytes nvram
// [kernel: [    0.927909] device-mapper: uevent: version 1.0.3
// [kernel: [    0.927978] device-mapper: ioctl: 4.43.0-ioctl (2020-10-01) initialised: dm-devel@redhat.com
// [kernel: [    0.928001] platform eisa.0: Probing EISA bus 0
// [kernel: [    0.928003] platform eisa.0: EISA: Cannot allocate resource for mainboard
// [kernel: [    0.928005] platform eisa.0: Cannot allocate resource for EISA slot 1
// [kernel: [    0.928007] platform eisa.0: Cannot allocate resource for EISA slot 2
// [kernel: [    0.928008] platform eisa.0: Cannot allocate resource for EISA slot 3
// [kernel: [    0.928010] platform eisa.0: Cannot allocate resource for EISA slot 4
// [kernel: [    0.928011] platform eisa.0: Cannot allocate resource for EISA slot 5
// [kernel: [    0.928012] platform eisa.0: Cannot allocate resource for EISA slot 6
// [kernel: [    0.928014] platform eisa.0: Cannot allocate resource for EISA slot 7
// [kernel: [    0.928015] platform eisa.0: Cannot allocate resource for EISA slot 8
// [kernel: [    0.928017] platform eisa.0: EISA: Detected 0 cards
// [kernel: [    0.928020] intel_pstate: Intel P-state driver initializing
// [kernel: [    0.928808] intel_pstate: HWP enabled
// [kernel: [    0.928864] ledtrig-cpu: registered to indicate activity on CPUs
// [kernel: [    0.928867] EFI Variables Facility v0.08 2004-May-17
// [kernel: [    0.942674] intel_pmc_core INT33A1:00:  initialized
// [kernel: [    0.942755] drop_monitor: Initializing network drop monitor service
// [kernel: [    0.942865] NET: Registered protocol family 10
// [kernel: [    0.946420] Segment Routing with IPv6
// [kernel: [    0.946435] NET: Registered protocol family 17
// [kernel: [    0.946460] Key type dns_resolver registered
// [kernel: [    0.946897] microcode: sig=0x706e5, pf=0x80, revision=0xa0
// [kernel: [    0.946935] microcode: Microcode Update Driver: v2.2.
// [kernel: [    0.946939] IPI shorthand broadcast: enabled
// [kernel: [    0.946944] sched_clock: Marking stable (940012612, 6920095)->(970945717, -24013010)
// [kernel: [    0.946997] registered taskstats version 1
// [kernel: [    0.947004] Loading compiled-in X.509 certificates
// [kernel: [    0.947525] Loaded X.509 cert 'Build time autogenerated kernel key: 72be0e22d0ee0886d8e56f359566e26abe13adf1'
// [kernel: [    0.947553] zswap: loaded using pool lzo/zbud
// [kernel: [    0.947664] Key type ._fscrypt registered
// [kernel: [    0.947664] Key type .fscrypt registered
// [kernel: [    0.947665] Key type fscrypt-provisioning registered
// [kernel: [    0.947693] Key type trusted registered
// [kernel: [    0.949261] Key type encrypted registered
// [kernel: [    0.949264] AppArmor: AppArmor sha1 policy hashing enabled
// [kernel: [    0.950022] integrity: Loading X.509 certificate: UEFI:MokListRT
// [kernel: [    0.950041] integrity: Loaded X.509 cert 'SomeOrg: shim: a01ee84e9b37ace407961cc468c5909447878469'
// [kernel: [    0.950042] integrity: Loading X.509 certificate: UEFI:MokListRT
// [kernel: [    0.950233] integrity: Loaded X.509 cert 'Canonical Ltd. Master Certificate Authority: ad91990bc22ab1f517048c23b6655a268e345a63'
// [kernel: [    0.950237] ima: Allocated hash algorithm: sha1
// [kernel: [    0.968742] ima: No architecture policies found
